Component: ARM Compiler 6.16 Tool: armlink [5dfeaa00]

==============================================================================

Section Cross References

    leds.o(.ARM.exidx.text.Init_RGB_LEDs) refers to leds.o(.text.Init_RGB_LEDs) for [Anonymous Symbol]
    leds.o(.ARM.exidx.text.Control_RGB_LEDs) refers to leds.o(.text.Control_RGB_LEDs) for [Anonymous Symbol]
    main.o(.text.main) refers to lcd_4bit.o(.text.Init_LCD) for Init_LCD
    main.o(.text.main) refers to lcd_4bit.o(.text.Clear_LCD) for Clear_LCD
    main.o(.text.main) refers to lcd_4bit.o(.text.Set_Cursor) for Set_Cursor
    main.o(.text.main) refers to lcd_4bit.o(.text.Print_LCD) for Print_LCD
    main.o(.text.main) refers to main.o(.rodata.str1.1) for [Anonymous Symbol]
    main.o(.ARM.exidx.text.main) refers to main.o(.text.main) for [Anonymous Symbol]
    ir.o(.ARM.exidx.text.Init_ADC) refers to ir.o(.text.Init_ADC) for [Anonymous Symbol]
    ir.o(.ARM.exidx.text.Control_IR_LED) refers to ir.o(.text.Control_IR_LED) for [Anonymous Symbol]
    ir.o(.text.Init_IR_LED) refers to ir.o(.text.Control_IR_LED) for Control_IR_LED
    ir.o(.ARM.exidx.text.Init_IR_LED) refers to ir.o(.text.Init_IR_LED) for [Anonymous Symbol]
    ir.o(.ARM.exidx.text.Measure_IR) refers to ir.o(.text.Measure_IR) for [Anonymous Symbol]
    ir.o(.text.Display_Range) refers to leds.o(.text.Control_RGB_LEDs) for Control_RGB_LEDs
    ir.o(.text.Display_Range) refers to ir.o(.data.Threshold) for Threshold
    ir.o(.text.Display_Range) refers to ir.o(.rodata.Colors) for Colors
    ir.o(.ARM.exidx.text.Display_Range) refers to ir.o(.text.Display_Range) for [Anonymous Symbol]
    ir.o(.ARM.exidx.text.Delay_us) refers to ir.o(.text.Delay_us) for [Anonymous Symbol]
    queue.o(.ARM.exidx.text.Q_Empty) refers to queue.o(.text.Q_Empty) for [Anonymous Symbol]
    queue.o(.ARM.exidx.text.Q_Full) refers to queue.o(.text.Q_Full) for [Anonymous Symbol]
    queue.o(.ARM.exidx.text.Q_Size) refers to queue.o(.text.Q_Size) for [Anonymous Symbol]
    queue.o(.text.Q_Enqueue) refers to queue.o(.text.Q_Full) for Q_Full
    queue.o(.ARM.exidx.text.Q_Enqueue) refers to queue.o(.text.Q_Enqueue) for [Anonymous Symbol]
    queue.o(.text.Q_Dequeue) refers to queue.o(.text.Q_Empty) for Q_Empty
    queue.o(.ARM.exidx.text.Q_Dequeue) refers to queue.o(.text.Q_Dequeue) for [Anonymous Symbol]
    queue.o(.ARM.exidx.text.Q_Init) refers to queue.o(.text.Q_Init) for [Anonymous Symbol]
    uart.o(.text.Init_UART1) refers to aeabi_sdiv.o(.text) for __aeabi_uidiv
    uart.o(.text.Init_UART1) refers to uart.o(.text.__NVIC_SetPriority) for __NVIC_SetPriority
    uart.o(.text.Init_UART1) refers to uart.o(.text.__NVIC_ClearPendingIRQ) for __NVIC_ClearPendingIRQ
    uart.o(.text.Init_UART1) refers to uart.o(.text.__NVIC_EnableIRQ) for __NVIC_EnableIRQ
    uart.o(.text.Init_UART1) refers to queue.o(.text.Q_Init) for Q_Init
    uart.o(.ARM.exidx.text.Init_UART1) refers to uart.o(.text.Init_UART1) for [Anonymous Symbol]
    uart.o(.ARM.exidx.text.__NVIC_SetPriority) refers to uart.o(.text.__NVIC_SetPriority) for [Anonymous Symbol]
    uart.o(.ARM.exidx.text.__NVIC_ClearPendingIRQ) refers to uart.o(.text.__NVIC_ClearPendingIRQ) for [Anonymous Symbol]
    uart.o(.ARM.exidx.text.__NVIC_EnableIRQ) refers to uart.o(.text.__NVIC_EnableIRQ) for [Anonymous Symbol]
    uart.o(.text.Init_UART2) refers to aeabi_sdiv.o(.text) for __aeabi_uidiv
    uart.o(.text.Init_UART2) refers to uart.o(.text.__NVIC_SetPriority) for __NVIC_SetPriority
    uart.o(.text.Init_UART2) refers to uart.o(.text.__NVIC_ClearPendingIRQ) for __NVIC_ClearPendingIRQ
    uart.o(.text.Init_UART2) refers to uart.o(.text.__NVIC_EnableIRQ) for __NVIC_EnableIRQ
    uart.o(.text.Init_UART2) refers to queue.o(.text.Q_Init) for Q_Init
    uart.o(.ARM.exidx.text.Init_UART2) refers to uart.o(.text.Init_UART2) for [Anonymous Symbol]
    uart.o(.ARM.exidx.text.UART1_Transmit_Poll) refers to uart.o(.text.UART1_Transmit_Poll) for [Anonymous Symbol]
    uart.o(.ARM.exidx.text.UART1_Receive_Poll) refers to uart.o(.text.UART1_Receive_Poll) for [Anonymous Symbol]
    uart.o(.text.UART1_IRQHandler) refers to uart.o(.text.__NVIC_ClearPendingIRQ) for __NVIC_ClearPendingIRQ
    uart.o(.text.UART1_IRQHandler) refers to queue.o(.text.Q_Empty) for Q_Empty
    uart.o(.text.UART1_IRQHandler) refers to queue.o(.text.Q_Dequeue) for Q_Dequeue
    uart.o(.text.UART1_IRQHandler) refers to queue.o(.text.Q_Full) for Q_Full
    uart.o(.text.UART1_IRQHandler) refers to queue.o(.text.Q_Enqueue) for Q_Enqueue
    uart.o(.text.UART1_IRQHandler) refers to uart.o(.bss.TxQ) for TxQ
    uart.o(.text.UART1_IRQHandler) refers to uart.o(.bss.RxQ) for RxQ
    uart.o(.text.UART1_IRQHandler) refers to uart.o(.bss.CR_received) for CR_received
    uart.o(.ARM.exidx.text.UART1_IRQHandler) refers to uart.o(.text.UART1_IRQHandler) for [Anonymous Symbol]
    uart.o(.text.Send_String) refers to queue.o(.text.Q_Full) for Q_Full
    uart.o(.text.Send_String) refers to queue.o(.text.Q_Enqueue) for Q_Enqueue
    uart.o(.text.Send_String) refers to uart.o(.bss.TxQ) for TxQ
    uart.o(.ARM.exidx.text.Send_String) refers to uart.o(.text.Send_String) for [Anonymous Symbol]
    uart.o(.text.Get_Num_Rx_Chars_Available) refers to queue.o(.text.Q_Size) for Q_Size
    uart.o(.text.Get_Num_Rx_Chars_Available) refers to uart.o(.bss.RxQ) for RxQ
    uart.o(.ARM.exidx.text.Get_Num_Rx_Chars_Available) refers to uart.o(.text.Get_Num_Rx_Chars_Available) for [Anonymous Symbol]
    uart.o(.text.Get_Char) refers to queue.o(.text.Q_Dequeue) for Q_Dequeue
    uart.o(.text.Get_Char) refers to uart.o(.bss.RxQ) for RxQ
    uart.o(.ARM.exidx.text.Get_Char) refers to uart.o(.text.Get_Char) for [Anonymous Symbol]
    timers.o(.text.Init_PIT) refers to timers.o(.text.__NVIC_SetPriority) for __NVIC_SetPriority
    timers.o(.text.Init_PIT) refers to timers.o(.text.__NVIC_ClearPendingIRQ) for __NVIC_ClearPendingIRQ
    timers.o(.text.Init_PIT) refers to timers.o(.text.__NVIC_EnableIRQ) for __NVIC_EnableIRQ
    timers.o(.ARM.exidx.text.Init_PIT) refers to timers.o(.text.Init_PIT) for [Anonymous Symbol]
    timers.o(.ARM.exidx.text.__NVIC_SetPriority) refers to timers.o(.text.__NVIC_SetPriority) for [Anonymous Symbol]
    timers.o(.ARM.exidx.text.__NVIC_ClearPendingIRQ) refers to timers.o(.text.__NVIC_ClearPendingIRQ) for [Anonymous Symbol]
    timers.o(.ARM.exidx.text.__NVIC_EnableIRQ) refers to timers.o(.text.__NVIC_EnableIRQ) for [Anonymous Symbol]
    timers.o(.ARM.exidx.text.Start_PIT) refers to timers.o(.text.Start_PIT) for [Anonymous Symbol]
    timers.o(.ARM.exidx.text.Stop_PIT) refers to timers.o(.text.Stop_PIT) for [Anonymous Symbol]
    timers.o(.text.PIT_IRQHandler) refers to timers.o(.text.__NVIC_ClearPendingIRQ) for __NVIC_ClearPendingIRQ
    timers.o(.text.PIT_IRQHandler) refers to ir.o(.text.Measure_IR) for Measure_IR
    timers.o(.text.PIT_IRQHandler) refers to ir.o(.text.Control_IR_LED) for Control_IR_LED
    timers.o(.text.PIT_IRQHandler) refers to aeabi_sdiv.o(.text) for __aeabi_uidiv
    timers.o(.text.PIT_IRQHandler) refers to timers.o(.bss.ir_state) for ir_state
    timers.o(.text.PIT_IRQHandler) refers to timers.o(.bss.ir_diff) for ir_diff
    timers.o(.text.PIT_IRQHandler) refers to timers.o(.bss.n_diff_calculated) for n_diff_calculated
    timers.o(.text.PIT_IRQHandler) refers to timers.o(.bss.avg_diff) for avg_diff
    timers.o(.ARM.exidx.text.PIT_IRQHandler) refers to timers.o(.text.PIT_IRQHandler) for [Anonymous Symbol]
    lcd_4bit.o(.text.wait_while_busy) refers to lcd_4bit.o(.text.lcd_read_status) for lcd_read_status
    lcd_4bit.o(.ARM.exidx.text.wait_while_busy) refers to lcd_4bit.o(.text.wait_while_busy) for [Anonymous Symbol]
    lcd_4bit.o(.text.lcd_read_status) refers to delay.o(.text.Delay) for Delay
    lcd_4bit.o(.ARM.exidx.text.lcd_read_status) refers to lcd_4bit.o(.text.lcd_read_status) for [Anonymous Symbol]
    lcd_4bit.o(.text.lcd_write_4bit) refers to delay.o(.text.Delay) for Delay
    lcd_4bit.o(.ARM.exidx.text.lcd_write_4bit) refers to lcd_4bit.o(.text.lcd_write_4bit) for [Anonymous Symbol]
    lcd_4bit.o(.text.lcd_write_cmd) refers to lcd_4bit.o(.text.wait_while_busy) for wait_while_busy
    lcd_4bit.o(.text.lcd_write_cmd) refers to lcd_4bit.o(.text.lcd_write_4bit) for lcd_write_4bit
    lcd_4bit.o(.ARM.exidx.text.lcd_write_cmd) refers to lcd_4bit.o(.text.lcd_write_cmd) for [Anonymous Symbol]
    lcd_4bit.o(.text.lcd_putchar) refers to lcd_4bit.o(.text.lcd_write_data) for lcd_write_data
    lcd_4bit.o(.ARM.exidx.text.lcd_putchar) refers to lcd_4bit.o(.text.lcd_putchar) for [Anonymous Symbol]
    lcd_4bit.o(.text.lcd_write_data) refers to lcd_4bit.o(.text.wait_while_busy) for wait_while_busy
    lcd_4bit.o(.text.lcd_write_data) refers to lcd_4bit.o(.text.lcd_write_4bit) for lcd_write_4bit
    lcd_4bit.o(.ARM.exidx.text.lcd_write_data) refers to lcd_4bit.o(.text.lcd_write_data) for [Anonymous Symbol]
    lcd_4bit.o(.ARM.exidx.text.lcd_init_port) refers to lcd_4bit.o(.text.lcd_init_port) for [Anonymous Symbol]
    lcd_4bit.o(.text.Init_LCD) refers to lcd_4bit.o(.text.lcd_init_port) for lcd_init_port
    lcd_4bit.o(.text.Init_LCD) refers to delay.o(.text.Delay) for Delay
    lcd_4bit.o(.text.Init_LCD) refers to lcd_4bit.o(.text.lcd_write_4bit) for lcd_write_4bit
    lcd_4bit.o(.text.Init_LCD) refers to lcd_4bit.o(.text.lcd_write_cmd) for lcd_write_cmd
    lcd_4bit.o(.ARM.exidx.text.Init_LCD) refers to lcd_4bit.o(.text.Init_LCD) for [Anonymous Symbol]
    lcd_4bit.o(.text.Set_Cursor) refers to lcd_4bit.o(.text.lcd_write_cmd) for lcd_write_cmd
    lcd_4bit.o(.ARM.exidx.text.Set_Cursor) refers to lcd_4bit.o(.text.Set_Cursor) for [Anonymous Symbol]
    lcd_4bit.o(.text.Clear_LCD) refers to lcd_4bit.o(.text.lcd_write_cmd) for lcd_write_cmd
    lcd_4bit.o(.text.Clear_LCD) refers to lcd_4bit.o(.text.Set_Cursor) for Set_Cursor
    lcd_4bit.o(.ARM.exidx.text.Clear_LCD) refers to lcd_4bit.o(.text.Clear_LCD) for [Anonymous Symbol]
    lcd_4bit.o(.text.Print_LCD) refers to lcd_4bit.o(.text.lcd_putchar) for lcd_putchar
    lcd_4bit.o(.ARM.exidx.text.Print_LCD) refers to lcd_4bit.o(.text.Print_LCD) for [Anonymous Symbol]
    delay.o(.ARM.exidx.text.Delay) refers to delay.o(.text.Delay) for [Anonymous Symbol]
    startup_mkl25z4.o(STACK) refers (Special) to heapauxi.o(.text) for __use_two_region_memory
    startup_mkl25z4.o(HEAP) refers (Special) to heapauxi.o(.text) for __use_two_region_memory
    startup_mkl25z4.o(RESET) refers (Special) to heapauxi.o(.text) for __use_two_region_memory
    startup_mkl25z4.o(RESET) refers to startup_mkl25z4.o(STACK) for __initial_sp
    startup_mkl25z4.o(RESET) refers to startup_mkl25z4.o(.text) for Reset_Handler
    startup_mkl25z4.o(RESET) refers to uart.o(.text.UART1_IRQHandler) for UART1_IRQHandler
    startup_mkl25z4.o(RESET) refers to timers.o(.text.PIT_IRQHandler) for PIT_IRQHandler
    startup_mkl25z4.o(.ARM.__at_0x400) refers (Special) to heapauxi.o(.text) for __use_two_region_memory
    startup_mkl25z4.o(.text) refers (Special) to heapauxi.o(.text) for __use_two_region_memory
    startup_mkl25z4.o(.text) refers to system_mkl25z4_1.o(.text.SystemInit) for SystemInit
    startup_mkl25z4.o(.text) refers to __main.o(!!!main) for __main
    startup_mkl25z4.o(.text) refers to startup_mkl25z4.o(HEAP) for Heap_Mem
    startup_mkl25z4.o(.text) refers to startup_mkl25z4.o(STACK) for Stack_Mem
    system_mkl25z4_1.o(.ARM.exidx.text.SystemInit) refers to system_mkl25z4_1.o(.text.SystemInit) for [Anonymous Symbol]
    system_mkl25z4_1.o(.text.SystemCoreClockUpdate) refers to aeabi_sdiv.o(.text) for __aeabi_uidiv
    system_mkl25z4_1.o(.text.SystemCoreClockUpdate) refers to system_mkl25z4_1.o(.data.SystemCoreClock) for SystemCoreClock
    system_mkl25z4_1.o(.ARM.exidx.text.SystemCoreClockUpdate) refers to system_mkl25z4_1.o(.text.SystemCoreClockUpdate) for [Anonymous Symbol]
    __main.o(!!!main) refers to __rtentry.o(.ARM.Collect$$rtentry$$00000000) for __rt_entry
    __rtentry.o(.ARM.Collect$$rtentry$$00000000) refers (Special) to __rtentry2.o(.ARM.Collect$$rtentry$$0000000A) for __rt_entry_li
    __rtentry.o(.ARM.Collect$$rtentry$$00000000) refers (Special) to __rtentry2.o(.ARM.Collect$$rtentry$$0000000D) for __rt_entry_main
    __rtentry.o(.ARM.Collect$$rtentry$$00000000) refers (Special) to __rtentry2.o(.ARM.Collect$$rtentry$$0000000C) for __rt_entry_postli_1
    __rtentry.o(.ARM.Collect$$rtentry$$00000000) refers (Special) to __rtentry2.o(.ARM.Collect$$rtentry$$00000009) for __rt_entry_postsh_1
    __rtentry.o(.ARM.Collect$$rtentry$$00000000) refers (Special) to __rtentry2.o(.ARM.Collect$$rtentry$$00000002) for __rt_entry_presh_1
    __rtentry.o(.ARM.Collect$$rtentry$$00000000) refers (Special) to __rtentry4.o(.ARM.Collect$$rtentry$$00000004) for __rt_entry_sh
    aeabi_idiv0_sigfpe.o(.text) refers to rt_div0.o(.text) for __rt_div0
    __rtentry2.o(.ARM.Collect$$rtentry$$00000008) refers to boardinit2.o(.text) for _platform_post_stackheap_init
    __rtentry2.o(.ARM.Collect$$rtentry$$0000000A) refers to libinit.o(.ARM.Collect$$libinit$$00000000) for __rt_lib_init
    __rtentry2.o(.ARM.Collect$$rtentry$$0000000B) refers to boardinit3.o(.text) for _platform_post_lib_init
    __rtentry2.o(.ARM.Collect$$rtentry$$0000000D) refers to main.o(.text.main) for main
    __rtentry2.o(.ARM.Collect$$rtentry$$0000000D) refers to exit.o(.text) for exit
    __rtentry2.o(.ARM.exidx) refers to __rtentry2.o(.ARM.Collect$$rtentry$$00000001) for .ARM.Collect$$rtentry$$00000001
    __rtentry2.o(.ARM.exidx) refers to __rtentry2.o(.ARM.Collect$$rtentry$$00000008) for .ARM.Collect$$rtentry$$00000008
    __rtentry2.o(.ARM.exidx) refers to __rtentry2.o(.ARM.Collect$$rtentry$$0000000A) for .ARM.Collect$$rtentry$$0000000A
    __rtentry2.o(.ARM.exidx) refers to __rtentry2.o(.ARM.Collect$$rtentry$$0000000B) for .ARM.Collect$$rtentry$$0000000B
    __rtentry2.o(.ARM.exidx) refers to __rtentry2.o(.ARM.Collect$$rtentry$$0000000D) for .ARM.Collect$$rtentry$$0000000D
    __rtentry4.o(.ARM.Collect$$rtentry$$00000004) refers to sys_stackheap_outer.o(.text) for __user_setup_stackheap
    __rtentry4.o(.ARM.exidx) refers to __rtentry4.o(.ARM.Collect$$rtentry$$00000004) for .ARM.Collect$$rtentry$$00000004
    rt_div0.o(.text) refers to defsig_fpe_outer.o(.text) for __rt_SIGFPE
    sys_stackheap_outer.o(.text) refers to libspace.o(.text) for __user_perproc_libspace
    sys_stackheap_outer.o(.text) refers to startup_mkl25z4.o(.text) for __user_initial_stackheap
    sys_stackheap_outer.o(__vectab_stack_and_reset_area) refers to tempstk.o(.text) for __temporary_stack_top
    sys_stackheap_outer.o(__vectab_stack_and_reset_area) refers to __main.o(!!!main) for __main
    exit.o(.text) refers to rtexit.o(.ARM.Collect$$rtexit$$00000000) for __rt_exit
    defsig_fpe_outer.o(.text) refers to defsig_fpe_inner.o(.text) for __rt_SIGFPE_inner
    defsig_fpe_outer.o(.text) refers to defsig_exit.o(.text) for __sig_exit
    defsig_fpe_formal.o(.text) refers to rt_raise.o(.text) for __rt_raise
    libinit.o(.ARM.Collect$$libinit$$00000000) refers (Special) to libinit2.o(.ARM.Collect$$libinit$$0000002E) for __rt_lib_init_alloca_1
    libinit.o(.ARM.Collect$$libinit$$00000000) refers (Special) to libinit2.o(.ARM.Collect$$libinit$$0000002C) for __rt_lib_init_argv_1
    libinit.o(.ARM.Collect$$libinit$$00000000) refers (Special) to libinit2.o(.ARM.Collect$$libinit$$0000001B) for __rt_lib_init_atexit_1
    libinit.o(.ARM.Collect$$libinit$$00000000) refers (Special) to libinit2.o(.ARM.Collect$$libinit$$00000021) for __rt_lib_init_clock_1
    libinit.o(.ARM.Collect$$libinit$$00000000) refers (Special) to libinit2.o(.ARM.Collect$$libinit$$00000032) for __rt_lib_init_cpp_1
    libinit.o(.ARM.Collect$$libinit$$00000000) refers (Special) to libinit2.o(.ARM.Collect$$libinit$$00000030) for __rt_lib_init_exceptions_1
    libinit.o(.ARM.Collect$$libinit$$00000000) refers (Special) to libinit2.o(.ARM.Collect$$libinit$$00000002) for __rt_lib_init_fp_1
    libinit.o(.ARM.Collect$$libinit$$00000000) refers (Special) to libinit2.o(.ARM.Collect$$libinit$$0000001F) for __rt_lib_init_fp_trap_1
    libinit.o(.ARM.Collect$$libinit$$00000000) refers (Special) to libinit2.o(.ARM.Collect$$libinit$$00000023) for __rt_lib_init_getenv_1
    libinit.o(.ARM.Collect$$libinit$$00000000) refers (Special) to libinit2.o(.ARM.Collect$$libinit$$0000000A) for __rt_lib_init_heap_1
    libinit.o(.ARM.Collect$$libinit$$00000000) refers (Special) to libinit2.o(.ARM.Collect$$libinit$$00000011) for __rt_lib_init_lc_collate_1
    libinit.o(.ARM.Collect$$libinit$$00000000) refers (Special) to libinit2.o(.ARM.Collect$$libinit$$00000013) for __rt_lib_init_lc_ctype_1
    libinit.o(.ARM.Collect$$libinit$$00000000) refers (Special) to libinit2.o(.ARM.Collect$$libinit$$00000015) for __rt_lib_init_lc_monetary_1
    libinit.o(.ARM.Collect$$libinit$$00000000) refers (Special) to libinit2.o(.ARM.Collect$$libinit$$00000017) for __rt_lib_init_lc_numeric_1
    libinit.o(.ARM.Collect$$libinit$$00000000) refers (Special) to libinit2.o(.ARM.Collect$$libinit$$00000019) for __rt_lib_init_lc_time_1
    libinit.o(.ARM.Collect$$libinit$$00000000) refers (Special) to libinit2.o(.ARM.Collect$$libinit$$00000004) for __rt_lib_init_preinit_1
    libinit.o(.ARM.Collect$$libinit$$00000000) refers (Special) to libinit2.o(.ARM.Collect$$libinit$$0000000E) for __rt_lib_init_rand_1
    libinit.o(.ARM.Collect$$libinit$$00000000) refers (Special) to libinit2.o(.ARM.Collect$$libinit$$00000033) for __rt_lib_init_return
    libinit.o(.ARM.Collect$$libinit$$00000000) refers (Special) to libinit2.o(.ARM.Collect$$libinit$$0000001D) for __rt_lib_init_signal_1
    libinit.o(.ARM.Collect$$libinit$$00000000) refers (Special) to libinit2.o(.ARM.Collect$$libinit$$00000025) for __rt_lib_init_stdio_1
    libinit.o(.ARM.Collect$$libinit$$00000000) refers (Special) to libinit2.o(.ARM.Collect$$libinit$$0000000C) for __rt_lib_init_user_alloc_1
    libspace.o(.text) refers to libspace.o(.bss) for __libspace_start
    rtexit.o(.ARM.Collect$$rtexit$$00000000) refers (Special) to rtexit2.o(.ARM.Collect$$rtexit$$00000004) for __rt_exit_exit
    rtexit.o(.ARM.Collect$$rtexit$$00000000) refers (Special) to rtexit2.o(.ARM.Collect$$rtexit$$00000003) for __rt_exit_ls
    rtexit.o(.ARM.Collect$$rtexit$$00000000) refers (Special) to rtexit2.o(.ARM.Collect$$rtexit$$00000002) for __rt_exit_prels_1
    rtexit.o(.ARM.exidx) refers (Special) to rtexit2.o(.ARM.Collect$$rtexit$$00000004) for __rt_exit_exit
    rtexit.o(.ARM.exidx) refers (Special) to rtexit2.o(.ARM.Collect$$rtexit$$00000003) for __rt_exit_ls
    rtexit.o(.ARM.exidx) refers (Special) to rtexit2.o(.ARM.Collect$$rtexit$$00000002) for __rt_exit_prels_1
    rtexit.o(.ARM.exidx) refers to rtexit.o(.ARM.Collect$$rtexit$$00000000) for .ARM.Collect$$rtexit$$00000000
    rt_raise.o(.text) refers to __raise.o(.text) for __raise
    rt_raise.o(.text) refers to sys_exit.o(.text) for _sys_exit
    defsig_exit.o(.text) refers to sys_exit.o(.text) for _sys_exit
    defsig_fpe_inner.o(.text) refers to defsig_general.o(.text) for __default_signal_display
    libinit2.o(.ARM.Collect$$libinit$$00000010) refers to libinit2.o(.ARM.Collect$$libinit$$0000000F) for .ARM.Collect$$libinit$$0000000F
    libinit2.o(.ARM.Collect$$libinit$$00000012) refers to libinit2.o(.ARM.Collect$$libinit$$0000000F) for .ARM.Collect$$libinit$$0000000F
    libinit2.o(.ARM.Collect$$libinit$$00000014) refers to libinit2.o(.ARM.Collect$$libinit$$0000000F) for .ARM.Collect$$libinit$$0000000F
    libinit2.o(.ARM.Collect$$libinit$$00000016) refers to libinit2.o(.ARM.Collect$$libinit$$0000000F) for .ARM.Collect$$libinit$$0000000F
    libinit2.o(.ARM.Collect$$libinit$$00000018) refers to libinit2.o(.ARM.Collect$$libinit$$0000000F) for .ARM.Collect$$libinit$$0000000F
    libinit2.o(.ARM.Collect$$libinit$$00000026) refers to argv_veneer.o(.text) for __ARM_argv_veneer
    libinit2.o(.ARM.Collect$$libinit$$00000027) refers to argv_veneer.o(.text) for __ARM_argv_veneer
    sys_exit.o(.text) refers (Special) to use_no_semi.o(.text) for __I$use$semihosting
    sys_exit.o(.text) refers (Special) to indicate_semi.o(.text) for __semihosting_library_function
    sys_exit_hlt.o(.text) refers (Special) to use_no_semi.o(.text) for __I$use$semihosting
    sys_exit_hlt.o(.text) refers (Special) to indicate_semi.o(.text) for __semihosting_library_function
    rtexit2.o(.ARM.Collect$$rtexit$$00000003) refers to libshutdown.o(.ARM.Collect$$libshutdown$$00000000) for __rt_lib_shutdown
    rtexit2.o(.ARM.Collect$$rtexit$$00000004) refers to sys_exit.o(.text) for _sys_exit
    rtexit2.o(.ARM.exidx) refers to rtexit2.o(.ARM.Collect$$rtexit$$00000001) for .ARM.Collect$$rtexit$$00000001
    rtexit2.o(.ARM.exidx) refers to rtexit2.o(.ARM.Collect$$rtexit$$00000003) for .ARM.Collect$$rtexit$$00000003
    rtexit2.o(.ARM.exidx) refers to rtexit2.o(.ARM.Collect$$rtexit$$00000004) for .ARM.Collect$$rtexit$$00000004
    __raise.o(.text) refers to defsig.o(CL$$defsig) for __default_signal_handler
    defsig_general.o(.text) refers to sys_wrch.o(.text) for _ttywrch
    sys_wrch.o(.text) refers (Special) to use_no_semi.o(.text) for __I$use$semihosting
    sys_wrch.o(.text) refers (Special) to indicate_semi.o(.text) for __semihosting_library_function
    sys_wrch_hlt.o(.text) refers (Special) to use_no_semi.o(.text) for __I$use$semihosting
    sys_wrch_hlt.o(.text) refers (Special) to indicate_semi.o(.text) for __semihosting_library_function
    defsig.o(CL$$defsig) refers to defsig_fpe_inner.o(.text) for __rt_SIGFPE_inner
    defsig.o(CL$$defsig) refers to defsig_rtmem_inner.o(.text) for __rt_SIGRTMEM_inner
    _get_argv_nomalloc.o(.text) refers (Special) to hrguard.o(.text) for __heap_region$guard
    _get_argv_nomalloc.o(.text) refers to defsig_rtmem_outer.o(.text) for __rt_SIGRTMEM
    _get_argv_nomalloc.o(.text) refers to sys_command.o(.text) for _sys_command_string
    libshutdown.o(.ARM.Collect$$libshutdown$$00000000) refers (Special) to libshutdown2.o(.ARM.Collect$$libshutdown$$00000002) for __rt_lib_shutdown_cpp_1
    libshutdown.o(.ARM.Collect$$libshutdown$$00000000) refers (Special) to libshutdown2.o(.ARM.Collect$$libshutdown$$00000007) for __rt_lib_shutdown_fp_trap_1
    libshutdown.o(.ARM.Collect$$libshutdown$$00000000) refers (Special) to libshutdown2.o(.ARM.Collect$$libshutdown$$0000000F) for __rt_lib_shutdown_heap_1
    libshutdown.o(.ARM.Collect$$libshutdown$$00000000) refers (Special) to libshutdown2.o(.ARM.Collect$$libshutdown$$00000010) for __rt_lib_shutdown_return
    libshutdown.o(.ARM.Collect$$libshutdown$$00000000) refers (Special) to libshutdown2.o(.ARM.Collect$$libshutdown$$0000000A) for __rt_lib_shutdown_signal_1
    libshutdown.o(.ARM.Collect$$libshutdown$$00000000) refers (Special) to libshutdown2.o(.ARM.Collect$$libshutdown$$00000004) for __rt_lib_shutdown_stdio_1
    libshutdown.o(.ARM.Collect$$libshutdown$$00000000) refers (Special) to libshutdown2.o(.ARM.Collect$$libshutdown$$0000000C) for __rt_lib_shutdown_user_alloc_1
    sys_command.o(.text) refers (Special) to use_no_semi.o(.text) for __I$use$semihosting
    sys_command.o(.text) refers (Special) to indicate_semi.o(.text) for __semihosting_library_function
    sys_command_hlt.o(.text) refers (Special) to use_no_semi.o(.text) for __I$use$semihosting
    sys_command_hlt.o(.text) refers (Special) to indicate_semi.o(.text) for __semihosting_library_function
    defsig_abrt_inner.o(.text) refers to defsig_general.o(.text) for __default_signal_display
    defsig_rtred_inner.o(.text) refers to defsig_general.o(.text) for __default_signal_display
    defsig_rtmem_inner.o(.text) refers to defsig_general.o(.text) for __default_signal_display
    defsig_rtmem_outer.o(.text) refers to defsig_rtmem_inner.o(.text) for __rt_SIGRTMEM_inner
    defsig_rtmem_outer.o(.text) refers to defsig_exit.o(.text) for __sig_exit
    defsig_rtmem_formal.o(.text) refers to rt_raise.o(.text) for __rt_raise
    defsig_stak_inner.o(.text) refers to defsig_general.o(.text) for __default_signal_display
    defsig_pvfn_inner.o(.text) refers to defsig_general.o(.text) for __default_signal_display
    defsig_cppl_inner.o(.text) refers to defsig_general.o(.text) for __default_signal_display
    defsig_segv_inner.o(.text) refers to defsig_general.o(.text) for __default_signal_display
    defsig_other.o(.text) refers to defsig_general.o(.text) for __default_signal_display


==============================================================================

Removing Unused input sections from the image.

    Removing leds.o(.text), (0 bytes).
    Removing leds.o(.text.Init_RGB_LEDs), (112 bytes).
    Removing leds.o(.ARM.exidx.text.Init_RGB_LEDs), (8 bytes).
    Removing leds.o(.text.Control_RGB_LEDs), (108 bytes).
    Removing leds.o(.ARM.exidx.text.Control_RGB_LEDs), (8 bytes).
    Removing main.o(.text), (0 bytes).
    Removing main.o(.ARM.exidx.text.main), (8 bytes).
    Removing main.o(.ARM.use_no_argv), (4 bytes).
    Removing ir.o(.text), (0 bytes).
    Removing ir.o(.text.Init_ADC), (40 bytes).
    Removing ir.o(.ARM.exidx.text.Init_ADC), (8 bytes).
    Removing ir.o(.ARM.exidx.text.Control_IR_LED), (8 bytes).
    Removing ir.o(.text.Init_IR_LED), (52 bytes).
    Removing ir.o(.ARM.exidx.text.Init_IR_LED), (8 bytes).
    Removing ir.o(.ARM.exidx.text.Measure_IR), (8 bytes).
    Removing ir.o(.text.Display_Range), (80 bytes).
    Removing ir.o(.ARM.exidx.text.Display_Range), (8 bytes).
    Removing ir.o(.text.Delay_us), (38 bytes).
    Removing ir.o(.ARM.exidx.text.Delay_us), (8 bytes).
    Removing ir.o(.data.Threshold), (24 bytes).
    Removing ir.o(.rodata.Colors), (72 bytes).
    Removing queue.o(.text), (0 bytes).
    Removing queue.o(.ARM.exidx.text.Q_Empty), (8 bytes).
    Removing queue.o(.ARM.exidx.text.Q_Full), (8 bytes).
    Removing queue.o(.text.Q_Size), (16 bytes).
    Removing queue.o(.ARM.exidx.text.Q_Size), (8 bytes).
    Removing queue.o(.ARM.exidx.text.Q_Enqueue), (8 bytes).
    Removing queue.o(.ARM.exidx.text.Q_Dequeue), (8 bytes).
    Removing queue.o(.text.Q_Init), (66 bytes).
    Removing queue.o(.ARM.exidx.text.Q_Init), (8 bytes).
    Removing uart.o(.text), (0 bytes).
    Removing uart.o(.text.Init_UART1), (212 bytes).
    Removing uart.o(.ARM.exidx.text.Init_UART1), (8 bytes).
    Removing uart.o(.text.__NVIC_SetPriority), (136 bytes).
    Removing uart.o(.ARM.exidx.text.__NVIC_SetPriority), (8 bytes).
    Removing uart.o(.ARM.exidx.text.__NVIC_ClearPendingIRQ), (8 bytes).
    Removing uart.o(.text.__NVIC_EnableIRQ), (44 bytes).
    Removing uart.o(.ARM.exidx.text.__NVIC_EnableIRQ), (8 bytes).
    Removing uart.o(.text.Init_UART2), (212 bytes).
    Removing uart.o(.ARM.exidx.text.Init_UART2), (8 bytes).
    Removing uart.o(.text.UART1_Transmit_Poll), (40 bytes).
    Removing uart.o(.ARM.exidx.text.UART1_Transmit_Poll), (8 bytes).
    Removing uart.o(.text.UART1_Receive_Poll), (32 bytes).
    Removing uart.o(.ARM.exidx.text.UART1_Receive_Poll), (8 bytes).
    Removing uart.o(.ARM.exidx.text.UART1_IRQHandler), (8 bytes).
    Removing uart.o(.text.Send_String), (88 bytes).
    Removing uart.o(.ARM.exidx.text.Send_String), (8 bytes).
    Removing uart.o(.text.Get_Num_Rx_Chars_Available), (16 bytes).
    Removing uart.o(.ARM.exidx.text.Get_Num_Rx_Chars_Available), (8 bytes).
    Removing uart.o(.text.Get_Char), (16 bytes).
    Removing uart.o(.ARM.exidx.text.Get_Char), (8 bytes).
    Removing uart.o(.bss.uart0_transeiver), (540 bytes).
    Removing uart.o(.bss.uart1_transeiver), (540 bytes).
    Removing uart.o(.bss.uart2_transeiver), (540 bytes).
    Removing timers.o(.text), (0 bytes).
    Removing timers.o(.text.Init_PIT), (104 bytes).
    Removing timers.o(.ARM.exidx.text.Init_PIT), (8 bytes).
    Removing timers.o(.text.__NVIC_SetPriority), (136 bytes).
    Removing timers.o(.ARM.exidx.text.__NVIC_SetPriority), (8 bytes).
    Removing timers.o(.ARM.exidx.text.__NVIC_ClearPendingIRQ), (8 bytes).
    Removing timers.o(.text.__NVIC_EnableIRQ), (44 bytes).
    Removing timers.o(.ARM.exidx.text.__NVIC_EnableIRQ), (8 bytes).
    Removing timers.o(.text.Start_PIT), (16 bytes).
    Removing timers.o(.ARM.exidx.text.Start_PIT), (8 bytes).
    Removing timers.o(.text.Stop_PIT), (16 bytes).
    Removing timers.o(.ARM.exidx.text.Stop_PIT), (8 bytes).
    Removing timers.o(.ARM.exidx.text.PIT_IRQHandler), (8 bytes).
    Removing timers.o(.bss.new_ir_value), (4 bytes).
    Removing lcd_4bit.o(.text), (0 bytes).
    Removing lcd_4bit.o(.ARM.exidx.text.wait_while_busy), (8 bytes).
    Removing lcd_4bit.o(.ARM.exidx.text.lcd_read_status), (8 bytes).
    Removing lcd_4bit.o(.ARM.exidx.text.lcd_write_4bit), (8 bytes).
    Removing lcd_4bit.o(.ARM.exidx.text.lcd_write_cmd), (8 bytes).
    Removing lcd_4bit.o(.ARM.exidx.text.lcd_putchar), (8 bytes).
    Removing lcd_4bit.o(.ARM.exidx.text.lcd_write_data), (8 bytes).
    Removing lcd_4bit.o(.ARM.exidx.text.lcd_init_port), (8 bytes).
    Removing lcd_4bit.o(.ARM.exidx.text.Init_LCD), (8 bytes).
    Removing lcd_4bit.o(.ARM.exidx.text.Set_Cursor), (8 bytes).
    Removing lcd_4bit.o(.ARM.exidx.text.Clear_LCD), (8 bytes).
    Removing lcd_4bit.o(.ARM.exidx.text.Print_LCD), (8 bytes).
    Removing delay.o(.text), (0 bytes).
    Removing delay.o(.ARM.exidx.text.Delay), (8 bytes).
    Removing system_mkl25z4_1.o(.text), (0 bytes).
    Removing system_mkl25z4_1.o(.ARM.exidx.text.SystemInit), (8 bytes).
    Removing system_mkl25z4_1.o(.text.SystemCoreClockUpdate), (556 bytes).
    Removing system_mkl25z4_1.o(.ARM.exidx.text.SystemCoreClockUpdate), (8 bytes).
    Removing system_mkl25z4_1.o(.data.SystemCoreClock), (4 bytes).

87 unused section(s) (total 4284 bytes) removed from the image.

==============================================================================

Image Symbol Table

    Local Symbols

    Symbol Name                              Value     Ov Type        Size  Object(Section)

    ../clib/angel/boardlib.s                 0x00000000   Number         0  boardinit1.o ABSOLUTE
    ../clib/angel/boardlib.s                 0x00000000   Number         0  boardinit2.o ABSOLUTE
    ../clib/angel/boardlib.s                 0x00000000   Number         0  boardinit3.o ABSOLUTE
    ../clib/angel/boardlib.s                 0x00000000   Number         0  boardshut.o ABSOLUTE
    ../clib/angel/handlers.s                 0x00000000   Number         0  __scatter_zi.o ABSOLUTE
    ../clib/angel/kernel.s                   0x00000000   Number         0  __rtentry.o ABSOLUTE
    ../clib/angel/kernel.s                   0x00000000   Number         0  __rtentry2.o ABSOLUTE
    ../clib/angel/kernel.s                   0x00000000   Number         0  __rtentry4.o ABSOLUTE
    ../clib/angel/kernel.s                   0x00000000   Number         0  rtexit.o ABSOLUTE
    ../clib/angel/kernel.s                   0x00000000   Number         0  rtexit2.o ABSOLUTE
    ../clib/angel/rt.s                       0x00000000   Number         0  aeabi_idiv0.o ABSOLUTE
    ../clib/angel/rt.s                       0x00000000   Number         0  aeabi_idiv0_sigfpe.o ABSOLUTE
    ../clib/angel/rt.s                       0x00000000   Number         0  rt_div0.o ABSOLUTE
    ../clib/angel/rt.s                       0x00000000   Number         0  rt_raise.o ABSOLUTE
    ../clib/angel/scatterp.s                 0x00000000   Number         0  __scatter.o ABSOLUTE
    ../clib/angel/startup.s                  0x00000000   Number         0  __main.o ABSOLUTE
    ../clib/angel/sys.s                      0x00000000   Number         0  sys_stackheap_outer.o ABSOLUTE
    ../clib/angel/sys.s                      0x00000000   Number         0  libspace.o ABSOLUTE
    ../clib/angel/sys.s                      0x00000000   Number         0  tempstk.o ABSOLUTE
    ../clib/angel/sys.s                      0x00000000   Number         0  use_no_semi.o ABSOLUTE
    ../clib/angel/sys.s                      0x00000000   Number         0  indicate_semi.o ABSOLUTE
    ../clib/angel/sysapp.c                   0x00000000   Number         0  sys_exit.o ABSOLUTE
    ../clib/angel/sysapp.c                   0x00000000   Number         0  sys_exit_hlt.o ABSOLUTE
    ../clib/angel/sysapp.c                   0x00000000   Number         0  sys_wrch.o ABSOLUTE
    ../clib/angel/sysapp.c                   0x00000000   Number         0  sys_wrch_hlt.o ABSOLUTE
    ../clib/angel/sysapp.c                   0x00000000   Number         0  sys_command.o ABSOLUTE
    ../clib/angel/sysapp.c                   0x00000000   Number         0  sys_command_hlt.o ABSOLUTE
    ../clib/armsys.c                         0x00000000   Number         0  argv_veneer.o ABSOLUTE
    ../clib/armsys.c                         0x00000000   Number         0  _get_argv_nomalloc.o ABSOLUTE
    ../clib/armsys.c                         0x00000000   Number         0  no_argv.o ABSOLUTE
    ../clib/division.s                       0x00000000   Number         0  aeabi_sdiv.o ABSOLUTE
    ../clib/division.s                       0x00000000   Number         0  aeabi_sdiv_div0.o ABSOLUTE
    ../clib/heapalloc.c                      0x00000000   Number         0  hrguard.o ABSOLUTE
    ../clib/heapaux.c                        0x00000000   Number         0  heapauxi.o ABSOLUTE
    ../clib/libinit.s                        0x00000000   Number         0  libinit.o ABSOLUTE
    ../clib/libinit.s                        0x00000000   Number         0  libinit2.o ABSOLUTE
    ../clib/libinit.s                        0x00000000   Number         0  libshutdown.o ABSOLUTE
    ../clib/libinit.s                        0x00000000   Number         0  libshutdown2.o ABSOLUTE
    ../clib/signal.c                         0x00000000   Number         0  defsig_fpe_outer.o ABSOLUTE
    ../clib/signal.c                         0x00000000   Number         0  defsig_fpe_formal.o ABSOLUTE
    ../clib/signal.c                         0x00000000   Number         0  defsig_exit.o ABSOLUTE
    ../clib/signal.c                         0x00000000   Number         0  defsig_fpe_inner.o ABSOLUTE
    ../clib/signal.c                         0x00000000   Number         0  __raise.o ABSOLUTE
    ../clib/signal.c                         0x00000000   Number         0  defsig_general.o ABSOLUTE
    ../clib/signal.c                         0x00000000   Number         0  defsig_abrt_inner.o ABSOLUTE
    ../clib/signal.c                         0x00000000   Number         0  defsig_rtred_inner.o ABSOLUTE
    ../clib/signal.c                         0x00000000   Number         0  defsig_rtmem_inner.o ABSOLUTE
    ../clib/signal.c                         0x00000000   Number         0  defsig_rtmem_outer.o ABSOLUTE
    ../clib/signal.c                         0x00000000   Number         0  defsig_rtmem_formal.o ABSOLUTE
    ../clib/signal.c                         0x00000000   Number         0  defsig_stak_inner.o ABSOLUTE
    ../clib/signal.c                         0x00000000   Number         0  defsig_pvfn_inner.o ABSOLUTE
    ../clib/signal.c                         0x00000000   Number         0  defsig_cppl_inner.o ABSOLUTE
    ../clib/signal.c                         0x00000000   Number         0  defsig_segv_inner.o ABSOLUTE
    ../clib/signal.c                         0x00000000   Number         0  defsig_other.o ABSOLUTE
    ../clib/signal.s                         0x00000000   Number         0  defsig.o ABSOLUTE
    ../clib/stdlib.c                         0x00000000   Number         0  exit.o ABSOLUTE
    ../fplib/cfplib/fpinit.c                 0x00000000   Number         0  fpinit.o ABSOLUTE
    IR.c                                     0x00000000   Number         0  ir.o ABSOLUTE
    LCD_4bit.c                               0x00000000   Number         0  lcd_4bit.o ABSOLUTE
    LEDs.c                                   0x00000000   Number         0  leds.o ABSOLUTE
    RTE/Device/MKL25Z128xxx4/startup_MKL25Z4.s 0x00000000   Number         0  startup_mkl25z4.o ABSOLUTE
    UART.c                                   0x00000000   Number         0  uart.o ABSOLUTE
    dc.s                                     0x00000000   Number         0  dc.o ABSOLUTE
    delay.c                                  0x00000000   Number         0  delay.o ABSOLUTE
    main.c                                   0x00000000   Number         0  main.o ABSOLUTE
    queue.c                                  0x00000000   Number         0  queue.o ABSOLUTE
    system_MKL25Z4.c                         0x00000000   Number         0  system_mkl25z4_1.o ABSOLUTE
    timers.c                                 0x00000000   Number         0  timers.o ABSOLUTE
    RESET                                    0x00000000   Section      192  startup_mkl25z4.o(RESET)
    !!!main                                  0x000000c0   Section        8  __main.o(!!!main)
    !!!scatter                               0x000000c8   Section       60  __scatter.o(!!!scatter)
    !!handler_zi                             0x00000104   Section       28  __scatter_zi.o(!!handler_zi)
    .ARM.Collect$$libinit$$00000000          0x00000120   Section        2  libinit.o(.ARM.Collect$$libinit$$00000000)
    .ARM.Collect$$libinit$$00000002          0x00000122   Section        0  libinit2.o(.ARM.Collect$$libinit$$00000002)
    .ARM.Collect$$libinit$$00000004          0x00000122   Section        0  libinit2.o(.ARM.Collect$$libinit$$00000004)
    .ARM.Collect$$libinit$$0000000A          0x00000122   Section        0  libinit2.o(.ARM.Collect$$libinit$$0000000A)
    .ARM.Collect$$libinit$$0000000C          0x00000122   Section        0  libinit2.o(.ARM.Collect$$libinit$$0000000C)
    .ARM.Collect$$libinit$$0000000E          0x00000122   Section        0  libinit2.o(.ARM.Collect$$libinit$$0000000E)
    .ARM.Collect$$libinit$$00000011          0x00000122   Section        0  libinit2.o(.ARM.Collect$$libinit$$00000011)
    .ARM.Collect$$libinit$$00000013          0x00000122   Section        0  libinit2.o(.ARM.Collect$$libinit$$00000013)
    .ARM.Collect$$libinit$$00000015          0x00000122   Section        0  libinit2.o(.ARM.Collect$$libinit$$00000015)
    .ARM.Collect$$libinit$$00000017          0x00000122   Section        0  libinit2.o(.ARM.Collect$$libinit$$00000017)
    .ARM.Collect$$libinit$$00000019          0x00000122   Section        0  libinit2.o(.ARM.Collect$$libinit$$00000019)
    .ARM.Collect$$libinit$$0000001B          0x00000122   Section        0  libinit2.o(.ARM.Collect$$libinit$$0000001B)
    .ARM.Collect$$libinit$$0000001D          0x00000122   Section        0  libinit2.o(.ARM.Collect$$libinit$$0000001D)
    .ARM.Collect$$libinit$$0000001F          0x00000122   Section        0  libinit2.o(.ARM.Collect$$libinit$$0000001F)
    .ARM.Collect$$libinit$$00000021          0x00000122   Section        0  libinit2.o(.ARM.Collect$$libinit$$00000021)
    .ARM.Collect$$libinit$$00000023          0x00000122   Section        0  libinit2.o(.ARM.Collect$$libinit$$00000023)
    .ARM.Collect$$libinit$$00000025          0x00000122   Section        0  libinit2.o(.ARM.Collect$$libinit$$00000025)
    .ARM.Collect$$libinit$$0000002C          0x00000122   Section        0  libinit2.o(.ARM.Collect$$libinit$$0000002C)
    .ARM.Collect$$libinit$$0000002E          0x00000122   Section        0  libinit2.o(.ARM.Collect$$libinit$$0000002E)
    .ARM.Collect$$libinit$$00000030          0x00000122   Section        0  libinit2.o(.ARM.Collect$$libinit$$00000030)
    .ARM.Collect$$libinit$$00000032          0x00000122   Section        0  libinit2.o(.ARM.Collect$$libinit$$00000032)
    .ARM.Collect$$libinit$$00000033          0x00000122   Section        2  libinit2.o(.ARM.Collect$$libinit$$00000033)
    .ARM.Collect$$libshutdown$$00000000      0x00000124   Section        2  libshutdown.o(.ARM.Collect$$libshutdown$$00000000)
    .ARM.Collect$$libshutdown$$00000002      0x00000126   Section        0  libshutdown2.o(.ARM.Collect$$libshutdown$$00000002)
    .ARM.Collect$$libshutdown$$00000004      0x00000126   Section        0  libshutdown2.o(.ARM.Collect$$libshutdown$$00000004)
    .ARM.Collect$$libshutdown$$00000007      0x00000126   Section        0  libshutdown2.o(.ARM.Collect$$libshutdown$$00000007)
    .ARM.Collect$$libshutdown$$0000000A      0x00000126   Section        0  libshutdown2.o(.ARM.Collect$$libshutdown$$0000000A)
    .ARM.Collect$$libshutdown$$0000000C      0x00000126   Section        0  libshutdown2.o(.ARM.Collect$$libshutdown$$0000000C)
    .ARM.Collect$$libshutdown$$0000000F      0x00000126   Section        0  libshutdown2.o(.ARM.Collect$$libshutdown$$0000000F)
    .ARM.Collect$$libshutdown$$00000010      0x00000126   Section        2  libshutdown2.o(.ARM.Collect$$libshutdown$$00000010)
    .ARM.Collect$$rtentry$$00000000          0x00000128   Section        0  __rtentry.o(.ARM.Collect$$rtentry$$00000000)
    .ARM.Collect$$rtentry$$00000002          0x00000128   Section        0  __rtentry2.o(.ARM.Collect$$rtentry$$00000002)
    .ARM.Collect$$rtentry$$00000004          0x00000128   Section        6  __rtentry4.o(.ARM.Collect$$rtentry$$00000004)
    .ARM.Collect$$rtentry$$00000009          0x0000012e   Section        0  __rtentry2.o(.ARM.Collect$$rtentry$$00000009)
    .ARM.Collect$$rtentry$$0000000A          0x0000012e   Section        4  __rtentry2.o(.ARM.Collect$$rtentry$$0000000A)
    .ARM.Collect$$rtentry$$0000000C          0x00000132   Section        0  __rtentry2.o(.ARM.Collect$$rtentry$$0000000C)
    .ARM.Collect$$rtentry$$0000000D          0x00000132   Section        8  __rtentry2.o(.ARM.Collect$$rtentry$$0000000D)
    .ARM.Collect$$rtexit$$00000000           0x0000013a   Section        2  rtexit.o(.ARM.Collect$$rtexit$$00000000)
    .ARM.Collect$$rtexit$$00000002           0x0000013c   Section        0  rtexit2.o(.ARM.Collect$$rtexit$$00000002)
    .ARM.Collect$$rtexit$$00000003           0x0000013c   Section        4  rtexit2.o(.ARM.Collect$$rtexit$$00000003)
    .ARM.Collect$$rtexit$$00000004           0x00000140   Section        6  rtexit2.o(.ARM.Collect$$rtexit$$00000004)
    .text                                    0x00000148   Section       64  startup_mkl25z4.o(.text)
    .text                                    0x00000188   Section      364  aeabi_sdiv.o(.text)
    .text                                    0x000002f4   Section        0  heapauxi.o(.text)
    .text                                    0x000002fa   Section       62  sys_stackheap_outer.o(.text)
    .text                                    0x00000338   Section        0  exit.o(.text)
    .text                                    0x00000348   Section        8  libspace.o(.text)
    .text                                    0x00000350   Section        0  sys_exit.o(.text)
    .text                                    0x0000035c   Section        2  use_no_semi.o(.text)
    [Anonymous Symbol]                       0x0000035e   Section        0  lcd_4bit.o(.text.Clear_LCD)
    .text                                    0x0000035e   Section        0  indicate_semi.o(.text)
    [Anonymous Symbol]                       0x00000370   Section        0  ir.o(.text.Control_IR_LED)
    __arm_cp.1_0                             0x00000390   Number         4  ir.o(.text.Control_IR_LED)
    __arm_cp.1_1                             0x00000394   Number         4  ir.o(.text.Control_IR_LED)
    [Anonymous Symbol]                       0x00000398   Section        0  delay.o(.text.Delay)
    __arm_cp.0_0                             0x000003bc   Number         4  delay.o(.text.Delay)
    [Anonymous Symbol]                       0x000003c0   Section        0  ir.o(.text.Measure_IR)
    __arm_cp.3_0                             0x000003ec   Number         4  ir.o(.text.Measure_IR)
    __arm_cp.3_1                             0x000003f0   Number         4  ir.o(.text.Measure_IR)
    __arm_cp.3_2                             0x000003f4   Number         4  ir.o(.text.Measure_IR)
    .ARM.__at_0x400                          0x00000400   Section       16  startup_mkl25z4.o(.ARM.__at_0x400)
    [Anonymous Symbol]                       0x00000410   Section        0  lcd_4bit.o(.text.Init_LCD)
    __arm_cp.7_0                             0x00000494   Number         4  lcd_4bit.o(.text.Init_LCD)
    __arm_cp.7_1                             0x00000498   Number         4  lcd_4bit.o(.text.Init_LCD)
    __arm_cp.7_2                             0x0000049c   Number         4  lcd_4bit.o(.text.Init_LCD)
    __arm_cp.7_3                             0x000004a0   Number         4  lcd_4bit.o(.text.Init_LCD)
    [Anonymous Symbol]                       0x000004a4   Section        0  timers.o(.text.PIT_IRQHandler)
    __arm_cp.6_0                             0x0000053c   Number         4  timers.o(.text.PIT_IRQHandler)
    __arm_cp.6_1                             0x00000540   Number         4  timers.o(.text.PIT_IRQHandler)
    __arm_cp.6_2                             0x00000544   Number         4  timers.o(.text.PIT_IRQHandler)
    __arm_cp.6_3                             0x00000548   Number         4  timers.o(.text.PIT_IRQHandler)
    __arm_cp.6_4                             0x0000054c   Number         4  timers.o(.text.PIT_IRQHandler)
    __arm_cp.6_5                             0x00000550   Number         4  timers.o(.text.PIT_IRQHandler)
    [Anonymous Symbol]                       0x00000554   Section        0  lcd_4bit.o(.text.Print_LCD)
    [Anonymous Symbol]                       0x00000578   Section        0  queue.o(.text.Q_Dequeue)
    [Anonymous Symbol]                       0x000005c6   Section        0  queue.o(.text.Q_Empty)
    [Anonymous Symbol]                       0x000005da   Section        0  queue.o(.text.Q_Enqueue)
    [Anonymous Symbol]                       0x00000624   Section        0  queue.o(.text.Q_Full)
    [Anonymous Symbol]                       0x0000063e   Section        0  lcd_4bit.o(.text.Set_Cursor)
    [Anonymous Symbol]                       0x00000668   Section        0  system_mkl25z4_1.o(.text.SystemInit)
    __arm_cp.0_0                             0x00000670   Number         4  system_mkl25z4_1.o(.text.SystemInit)
    [Anonymous Symbol]                       0x00000674   Section        0  uart.o(.text.UART1_IRQHandler)
    __arm_cp.7_0                             0x00000708   Number         4  uart.o(.text.UART1_IRQHandler)
    __arm_cp.7_1                             0x0000070c   Number         4  uart.o(.text.UART1_IRQHandler)
    __arm_cp.7_2                             0x00000710   Number         4  uart.o(.text.UART1_IRQHandler)
    __arm_cp.7_3                             0x00000714   Number         4  uart.o(.text.UART1_IRQHandler)
    __arm_cp.7_4                             0x00000718   Number         4  uart.o(.text.UART1_IRQHandler)
    __arm_cp.7_5                             0x0000071c   Number         4  uart.o(.text.UART1_IRQHandler)
    __NVIC_ClearPendingIRQ                   0x00000721   Thumb Code    40  uart.o(.text.__NVIC_ClearPendingIRQ)
    [Anonymous Symbol]                       0x00000720   Section        0  uart.o(.text.__NVIC_ClearPendingIRQ)
    __NVIC_ClearPendingIRQ                   0x00000749   Thumb Code    40  timers.o(.text.__NVIC_ClearPendingIRQ)
    [Anonymous Symbol]                       0x00000748   Section        0  timers.o(.text.__NVIC_ClearPendingIRQ)
    __arm_cp.2_0                             0x00000770   Number         4  timers.o(.text.__NVIC_ClearPendingIRQ)
    [Anonymous Symbol]                       0x00000774   Section        0  lcd_4bit.o(.text.lcd_init_port)
    __arm_cp.6_0                             0x000007a4   Number         4  lcd_4bit.o(.text.lcd_init_port)
    __arm_cp.6_1                             0x000007a8   Number         4  lcd_4bit.o(.text.lcd_init_port)
    __arm_cp.6_2                             0x000007ac   Number         4  lcd_4bit.o(.text.lcd_init_port)
    __arm_cp.6_3                             0x000007b0   Number         4  lcd_4bit.o(.text.lcd_init_port)
    __arm_cp.6_4                             0x000007b4   Number         4  lcd_4bit.o(.text.lcd_init_port)
    __arm_cp.6_5                             0x000007b8   Number         4  lcd_4bit.o(.text.lcd_init_port)
    __arm_cp.6_6                             0x000007bc   Number         4  lcd_4bit.o(.text.lcd_init_port)
    __arm_cp.6_7                             0x000007c0   Number         4  lcd_4bit.o(.text.lcd_init_port)
    [Anonymous Symbol]                       0x000007c4   Section        0  lcd_4bit.o(.text.lcd_putchar)
    lcd_read_status                          0x000007d9   Thumb Code   128  lcd_4bit.o(.text.lcd_read_status)
    [Anonymous Symbol]                       0x000007d8   Section        0  lcd_4bit.o(.text.lcd_read_status)
    __arm_cp.1_0                             0x00000858   Number         4  lcd_4bit.o(.text.lcd_read_status)
    __arm_cp.1_2                             0x0000085c   Number         4  lcd_4bit.o(.text.lcd_read_status)
    __arm_cp.1_4                             0x00000860   Number         4  lcd_4bit.o(.text.lcd_read_status)
    [Anonymous Symbol]                       0x00000864   Section        0  lcd_4bit.o(.text.lcd_write_4bit)
    __arm_cp.2_0                             0x000008a4   Number         4  lcd_4bit.o(.text.lcd_write_4bit)
    __arm_cp.2_2                             0x000008a8   Number         4  lcd_4bit.o(.text.lcd_write_4bit)
    [Anonymous Symbol]                       0x000008ac   Section        0  lcd_4bit.o(.text.lcd_write_cmd)
    __arm_cp.3_0                             0x000008d8   Number         4  lcd_4bit.o(.text.lcd_write_cmd)
    lcd_write_data                           0x000008dd   Thumb Code    44  lcd_4bit.o(.text.lcd_write_data)
    [Anonymous Symbol]                       0x000008dc   Section        0  lcd_4bit.o(.text.lcd_write_data)
    __arm_cp.5_0                             0x00000908   Number         4  lcd_4bit.o(.text.lcd_write_data)
    [Anonymous Symbol]                       0x0000090c   Section        0  main.o(.text.main)
    __arm_cp.0_0                             0x00000930   Number         4  main.o(.text.main)
    [Anonymous Symbol]                       0x00000934   Section        0  lcd_4bit.o(.text.wait_while_busy)
    [Anonymous Symbol]                       0x00000948   Section        0  main.o(.rodata.str1.1)
    .bss                                     0x1ffff000   Section       96  libspace.o(.bss)
    Heap_Mem                                 0x1ffff290   Data           0  startup_mkl25z4.o(HEAP)
    Stack_Mem                                0x1ffff290   Data         256  startup_mkl25z4.o(STACK)
    HEAP                                     0x1ffff290   Section        0  startup_mkl25z4.o(HEAP)
    STACK                                    0x1ffff290   Section      256  startup_mkl25z4.o(STACK)
    __initial_sp                             0x1ffff390   Data           0  startup_mkl25z4.o(STACK)

    Global Symbols

    Symbol Name                              Value     Ov Type        Size  Object(Section)

    BuildAttributes$$THM_ISAv3M$S$PE$A:L22$X:L11$S22$IEEE1$IW$~IW$USESV6$~STKCKD$USESV7$~SHL$OSPACE$ROPI$EBA8$UX$STANDARDLIB$REQ8$PRES8$EABIv2 0x00000000   Number         0  anon$$obj.o ABSOLUTE
    __Vectors                                0x00000000   Data           4  startup_mkl25z4.o(RESET)
    __ARM_exceptions_init                     - Undefined Weak Reference
    __alloca_initialize                       - Undefined Weak Reference
    __arm_preinit_                            - Undefined Weak Reference
    __cpp_initialize__aeabi_                  - Undefined Weak Reference
    __cxa_finalize                            - Undefined Weak Reference
    __rt_locale                               - Undefined Weak Reference
    __sigvec_lookup                           - Undefined Weak Reference
    _atexit_init                              - Undefined Weak Reference
    _call_atexit_fns                          - Undefined Weak Reference
    _clock_init                               - Undefined Weak Reference
    _fp_trap_init                             - Undefined Weak Reference
    _fp_trap_shutdown                         - Undefined Weak Reference
    _get_lc_collate                           - Undefined Weak Reference
    _get_lc_ctype                             - Undefined Weak Reference
    _get_lc_monetary                          - Undefined Weak Reference
    _get_lc_numeric                           - Undefined Weak Reference
    _get_lc_time                              - Undefined Weak Reference
    _getenv_init                              - Undefined Weak Reference
    _handle_redirection                       - Undefined Weak Reference
    _init_alloc                               - Undefined Weak Reference
    _init_user_alloc                          - Undefined Weak Reference
    _initio                                   - Undefined Weak Reference
    _rand_init                                - Undefined Weak Reference
    _signal_finish                            - Undefined Weak Reference
    _signal_init                              - Undefined Weak Reference
    _terminate_alloc                          - Undefined Weak Reference
    _terminate_user_alloc                     - Undefined Weak Reference
    _terminateio                              - Undefined Weak Reference
    __Vectors_End                            0x000000c0   Data           0  startup_mkl25z4.o(RESET)
    __Vectors_Size                           0x000000c0   Number         0  startup_mkl25z4.o ABSOLUTE
    __main                                   0x000000c1   Thumb Code     8  __main.o(!!!main)
    __scatterload                            0x000000c9   Thumb Code     0  __scatter.o(!!!scatter)
    __scatterload_rt2                        0x000000c9   Thumb Code    52  __scatter.o(!!!scatter)
    __scatterload_rt2_thumb_only             0x000000c9   Thumb Code     0  __scatter.o(!!!scatter)
    __scatterload_null                       0x000000d9   Thumb Code     0  __scatter.o(!!!scatter)
    __scatterload_zeroinit                   0x00000105   Thumb Code    28  __scatter_zi.o(!!handler_zi)
    __rt_lib_init                            0x00000121   Thumb Code     0  libinit.o(.ARM.Collect$$libinit$$00000000)
    __rt_lib_init_alloca_1                   0x00000123   Thumb Code     0  libinit2.o(.ARM.Collect$$libinit$$0000002E)
    __rt_lib_init_argv_1                     0x00000123   Thumb Code     0  libinit2.o(.ARM.Collect$$libinit$$0000002C)
    __rt_lib_init_atexit_1                   0x00000123   Thumb Code     0  libinit2.o(.ARM.Collect$$libinit$$0000001B)
    __rt_lib_init_clock_1                    0x00000123   Thumb Code     0  libinit2.o(.ARM.Collect$$libinit$$00000021)
    __rt_lib_init_cpp_1                      0x00000123   Thumb Code     0  libinit2.o(.ARM.Collect$$libinit$$00000032)
    __rt_lib_init_exceptions_1               0x00000123   Thumb Code     0  libinit2.o(.ARM.Collect$$libinit$$00000030)
    __rt_lib_init_fp_1                       0x00000123   Thumb Code     0  libinit2.o(.ARM.Collect$$libinit$$00000002)
    __rt_lib_init_fp_trap_1                  0x00000123   Thumb Code     0  libinit2.o(.ARM.Collect$$libinit$$0000001F)
    __rt_lib_init_getenv_1                   0x00000123   Thumb Code     0  libinit2.o(.ARM.Collect$$libinit$$00000023)
    __rt_lib_init_heap_1                     0x00000123   Thumb Code     0  libinit2.o(.ARM.Collect$$libinit$$0000000A)
    __rt_lib_init_lc_collate_1               0x00000123   Thumb Code     0  libinit2.o(.ARM.Collect$$libinit$$00000011)
    __rt_lib_init_lc_ctype_1                 0x00000123   Thumb Code     0  libinit2.o(.ARM.Collect$$libinit$$00000013)
    __rt_lib_init_lc_monetary_1              0x00000123   Thumb Code     0  libinit2.o(.ARM.Collect$$libinit$$00000015)
    __rt_lib_init_lc_numeric_1               0x00000123   Thumb Code     0  libinit2.o(.ARM.Collect$$libinit$$00000017)
    __rt_lib_init_lc_time_1                  0x00000123   Thumb Code     0  libinit2.o(.ARM.Collect$$libinit$$00000019)
    __rt_lib_init_preinit_1                  0x00000123   Thumb Code     0  libinit2.o(.ARM.Collect$$libinit$$00000004)
    __rt_lib_init_rand_1                     0x00000123   Thumb Code     0  libinit2.o(.ARM.Collect$$libinit$$0000000E)
    __rt_lib_init_return                     0x00000123   Thumb Code     0  libinit2.o(.ARM.Collect$$libinit$$00000033)
    __rt_lib_init_signal_1                   0x00000123   Thumb Code     0  libinit2.o(.ARM.Collect$$libinit$$0000001D)
    __rt_lib_init_stdio_1                    0x00000123   Thumb Code     0  libinit2.o(.ARM.Collect$$libinit$$00000025)
    __rt_lib_init_user_alloc_1               0x00000123   Thumb Code     0  libinit2.o(.ARM.Collect$$libinit$$0000000C)
    __rt_lib_shutdown                        0x00000125   Thumb Code     0  libshutdown.o(.ARM.Collect$$libshutdown$$00000000)
    __rt_lib_shutdown_cpp_1                  0x00000127   Thumb Code     0  libshutdown2.o(.ARM.Collect$$libshutdown$$00000002)
    __rt_lib_shutdown_fp_trap_1              0x00000127   Thumb Code     0  libshutdown2.o(.ARM.Collect$$libshutdown$$00000007)
    __rt_lib_shutdown_heap_1                 0x00000127   Thumb Code     0  libshutdown2.o(.ARM.Collect$$libshutdown$$0000000F)
    __rt_lib_shutdown_return                 0x00000127   Thumb Code     0  libshutdown2.o(.ARM.Collect$$libshutdown$$00000010)
    __rt_lib_shutdown_signal_1               0x00000127   Thumb Code     0  libshutdown2.o(.ARM.Collect$$libshutdown$$0000000A)
    __rt_lib_shutdown_stdio_1                0x00000127   Thumb Code     0  libshutdown2.o(.ARM.Collect$$libshutdown$$00000004)
    __rt_lib_shutdown_user_alloc_1           0x00000127   Thumb Code     0  libshutdown2.o(.ARM.Collect$$libshutdown$$0000000C)
    __rt_entry                               0x00000129   Thumb Code     0  __rtentry.o(.ARM.Collect$$rtentry$$00000000)
    __rt_entry_presh_1                       0x00000129   Thumb Code     0  __rtentry2.o(.ARM.Collect$$rtentry$$00000002)
    __rt_entry_sh                            0x00000129   Thumb Code     0  __rtentry4.o(.ARM.Collect$$rtentry$$00000004)
    __rt_entry_li                            0x0000012f   Thumb Code     0  __rtentry2.o(.ARM.Collect$$rtentry$$0000000A)
    __rt_entry_postsh_1                      0x0000012f   Thumb Code     0  __rtentry2.o(.ARM.Collect$$rtentry$$00000009)
    __rt_entry_main                          0x00000133   Thumb Code     0  __rtentry2.o(.ARM.Collect$$rtentry$$0000000D)
    __rt_entry_postli_1                      0x00000133   Thumb Code     0  __rtentry2.o(.ARM.Collect$$rtentry$$0000000C)
    __rt_exit                                0x0000013b   Thumb Code     0  rtexit.o(.ARM.Collect$$rtexit$$00000000)
    __rt_exit_ls                             0x0000013d   Thumb Code     0  rtexit2.o(.ARM.Collect$$rtexit$$00000003)
    __rt_exit_prels_1                        0x0000013d   Thumb Code     0  rtexit2.o(.ARM.Collect$$rtexit$$00000002)
    __rt_exit_exit                           0x00000141   Thumb Code     0  rtexit2.o(.ARM.Collect$$rtexit$$00000004)
    Reset_Handler                            0x00000149   Thumb Code    12  startup_mkl25z4.o(.text)
    NMI_Handler                              0x00000155   Thumb Code     2  startup_mkl25z4.o(.text)
    HardFault_Handler                        0x00000157   Thumb Code     2  startup_mkl25z4.o(.text)
    SVC_Handler                              0x00000159   Thumb Code     2  startup_mkl25z4.o(.text)
    PendSV_Handler                           0x0000015b   Thumb Code     2  startup_mkl25z4.o(.text)
    SysTick_Handler                          0x0000015d   Thumb Code     2  startup_mkl25z4.o(.text)
    ADC0_IRQHandler                          0x0000015f   Thumb Code     0  startup_mkl25z4.o(.text)
    CMP0_IRQHandler                          0x0000015f   Thumb Code     0  startup_mkl25z4.o(.text)
    DAC0_IRQHandler                          0x0000015f   Thumb Code     0  startup_mkl25z4.o(.text)
    DMA0_IRQHandler                          0x0000015f   Thumb Code     0  startup_mkl25z4.o(.text)
    DMA1_IRQHandler                          0x0000015f   Thumb Code     0  startup_mkl25z4.o(.text)
    DMA2_IRQHandler                          0x0000015f   Thumb Code     0  startup_mkl25z4.o(.text)
    DMA3_IRQHandler                          0x0000015f   Thumb Code     0  startup_mkl25z4.o(.text)
    DefaultISR                               0x0000015f   Thumb Code     0  startup_mkl25z4.o(.text)
    FTFA_IRQHandler                          0x0000015f   Thumb Code     0  startup_mkl25z4.o(.text)
    I2C0_IRQHandler                          0x0000015f   Thumb Code     0  startup_mkl25z4.o(.text)
    I2C1_IRQHandler                          0x0000015f   Thumb Code     0  startup_mkl25z4.o(.text)
    LLWU_IRQHandler                          0x0000015f   Thumb Code     0  startup_mkl25z4.o(.text)
    LPTMR0_IRQHandler                        0x0000015f   Thumb Code     0  startup_mkl25z4.o(.text)
    LVD_LVW_IRQHandler                       0x0000015f   Thumb Code     0  startup_mkl25z4.o(.text)
    MCG_IRQHandler                           0x0000015f   Thumb Code     0  startup_mkl25z4.o(.text)
    PORTA_IRQHandler                         0x0000015f   Thumb Code     0  startup_mkl25z4.o(.text)
    PORTD_IRQHandler                         0x0000015f   Thumb Code     0  startup_mkl25z4.o(.text)
    RTC_IRQHandler                           0x0000015f   Thumb Code     0  startup_mkl25z4.o(.text)
    RTC_Seconds_IRQHandler                   0x0000015f   Thumb Code     0  startup_mkl25z4.o(.text)
    Reserved20_IRQHandler                    0x0000015f   Thumb Code     0  startup_mkl25z4.o(.text)
    Reserved39_IRQHandler                    0x0000015f   Thumb Code     0  startup_mkl25z4.o(.text)
    Reserved45_IRQHandler                    0x0000015f   Thumb Code     0  startup_mkl25z4.o(.text)
    SPI0_IRQHandler                          0x0000015f   Thumb Code     0  startup_mkl25z4.o(.text)
    SPI1_IRQHandler                          0x0000015f   Thumb Code     0  startup_mkl25z4.o(.text)
    TPM0_IRQHandler                          0x0000015f   Thumb Code     0  startup_mkl25z4.o(.text)
    TPM1_IRQHandler                          0x0000015f   Thumb Code     0  startup_mkl25z4.o(.text)
    TPM2_IRQHandler                          0x0000015f   Thumb Code     0  startup_mkl25z4.o(.text)
    TSI0_IRQHandler                          0x0000015f   Thumb Code     0  startup_mkl25z4.o(.text)
    UART0_IRQHandler                         0x0000015f   Thumb Code     0  startup_mkl25z4.o(.text)
    UART2_IRQHandler                         0x0000015f   Thumb Code     0  startup_mkl25z4.o(.text)
    USB0_IRQHandler                          0x0000015f   Thumb Code     0  startup_mkl25z4.o(.text)
    __user_initial_stackheap                 0x00000165   Thumb Code     0  startup_mkl25z4.o(.text)
    __aeabi_uidiv                            0x00000189   Thumb Code     0  aeabi_sdiv.o(.text)
    __aeabi_uidivmod                         0x00000189   Thumb Code    20  aeabi_sdiv.o(.text)
    __aeabi_idiv                             0x0000019d   Thumb Code     0  aeabi_sdiv.o(.text)
    __aeabi_idivmod                          0x0000019d   Thumb Code   338  aeabi_sdiv.o(.text)
    __use_two_region_memory                  0x000002f5   Thumb Code     2  heapauxi.o(.text)
    __rt_heap_escrow$2region                 0x000002f7   Thumb Code     2  heapauxi.o(.text)
    __rt_heap_expand$2region                 0x000002f9   Thumb Code     2  heapauxi.o(.text)
    __user_setup_stackheap                   0x000002fb   Thumb Code    62  sys_stackheap_outer.o(.text)
    exit                                     0x00000339   Thumb Code    16  exit.o(.text)
    __user_libspace                          0x00000349   Thumb Code     8  libspace.o(.text)
    __user_perproc_libspace                  0x00000349   Thumb Code     0  libspace.o(.text)
    __user_perthread_libspace                0x00000349   Thumb Code     0  libspace.o(.text)
    _sys_exit                                0x00000351   Thumb Code     8  sys_exit.o(.text)
    __I$use$semihosting                      0x0000035d   Thumb Code     0  use_no_semi.o(.text)
    __use_no_semihosting_swi                 0x0000035d   Thumb Code     2  use_no_semi.o(.text)
    Clear_LCD                                0x0000035f   Thumb Code    18  lcd_4bit.o(.text.Clear_LCD)
    __semihosting_library_function           0x0000035f   Thumb Code     0  indicate_semi.o(.text)
    Control_IR_LED                           0x00000371   Thumb Code    32  ir.o(.text.Control_IR_LED)
    Delay                                    0x00000399   Thumb Code    36  delay.o(.text.Delay)
    Measure_IR                               0x000003c1   Thumb Code    44  ir.o(.text.Measure_IR)
    Init_LCD                                 0x00000411   Thumb Code   132  lcd_4bit.o(.text.Init_LCD)
    PIT_IRQHandler                           0x000004a5   Thumb Code   152  timers.o(.text.PIT_IRQHandler)
    Print_LCD                                0x00000555   Thumb Code    36  lcd_4bit.o(.text.Print_LCD)
    Q_Dequeue                                0x00000579   Thumb Code    78  queue.o(.text.Q_Dequeue)
    Q_Empty                                  0x000005c7   Thumb Code    20  queue.o(.text.Q_Empty)
    Q_Enqueue                                0x000005db   Thumb Code    74  queue.o(.text.Q_Enqueue)
    Q_Full                                   0x00000625   Thumb Code    26  queue.o(.text.Q_Full)
    Set_Cursor                               0x0000063f   Thumb Code    42  lcd_4bit.o(.text.Set_Cursor)
    SystemInit                               0x00000669   Thumb Code     8  system_mkl25z4_1.o(.text.SystemInit)
    UART1_IRQHandler                         0x00000675   Thumb Code   148  uart.o(.text.UART1_IRQHandler)
    lcd_init_port                            0x00000775   Thumb Code    48  lcd_4bit.o(.text.lcd_init_port)
    lcd_putchar                              0x000007c5   Thumb Code    20  lcd_4bit.o(.text.lcd_putchar)
    lcd_write_4bit                           0x00000865   Thumb Code    64  lcd_4bit.o(.text.lcd_write_4bit)
    lcd_write_cmd                            0x000008ad   Thumb Code    44  lcd_4bit.o(.text.lcd_write_cmd)
    main                                     0x0000090d   Thumb Code    36  main.o(.text.main)
    wait_while_busy                          0x00000935   Thumb Code    20  lcd_4bit.o(.text.wait_while_busy)
    Region$$Table$$Base                      0x00000954   Number         0  anon$$obj.o(Region$$Table)
    Region$$Table$$Limit                     0x00000964   Number         0  anon$$obj.o(Region$$Table)
    __libspace_start                         0x1ffff000   Data          96  libspace.o(.bss)
    CR_received                              0x1ffff060   Data           1  uart.o(.bss.CR_received)
    __temporary_stack_top$libspace           0x1ffff060   Data           0  libspace.o(.bss)
    RxQ                                      0x1ffff064   Data         268  uart.o(.bss.RxQ)
    TxQ                                      0x1ffff170   Data         268  uart.o(.bss.TxQ)
    avg_diff                                 0x1ffff27c   Data           4  timers.o(.bss.avg_diff)
    ir_diff                                  0x1ffff280   Data           4  timers.o(.bss.ir_diff)
    ir_state                                 0x1ffff284   Data           4  timers.o(.bss.ir_state)
    n_diff_calculated                        0x1ffff288   Data           4  timers.o(.bss.n_diff_calculated)



==============================================================================

Memory Map of the image

  Image Entry point : 0x00000149

  Load Region LR_1 (Base: 0x00000000, Size: 0x00000964, Max: 0xffffffff, ABSOLUTE)

    Execution Region ER_RO (Exec base: 0x00000000, Load base: 0x00000000, Size: 0x00000964, Max: 0xffffffff, ABSOLUTE)

    Exec Addr    Load Addr    Size         Type   Attr      Idx    E Section Name        Object

    0x00000000   0x00000000   0x000000c0   Data   RO          162    RESET               startup_mkl25z4.o
    0x000000c0   0x000000c0   0x00000008   Code   RO          192  * !!!main             c_p.l(__main.o)
    0x000000c8   0x000000c8   0x0000003c   Code   RO          367    !!!scatter          c_p.l(__scatter.o)
    0x00000104   0x00000104   0x0000001c   Code   RO          369    !!handler_zi        c_p.l(__scatter_zi.o)
    0x00000120   0x00000120   0x00000002   Code   RO          230    .ARM.Collect$$libinit$$00000000  c_p.l(libinit.o)
    0x00000122   0x00000122   0x00000000   Code   RO          244    .ARM.Collect$$libinit$$00000002  c_p.l(libinit2.o)
    0x00000122   0x00000122   0x00000000   Code   RO          246    .ARM.Collect$$libinit$$00000004  c_p.l(libinit2.o)
    0x00000122   0x00000122   0x00000000   Code   RO          249    .ARM.Collect$$libinit$$0000000A  c_p.l(libinit2.o)
    0x00000122   0x00000122   0x00000000   Code   RO          251    .ARM.Collect$$libinit$$0000000C  c_p.l(libinit2.o)
    0x00000122   0x00000122   0x00000000   Code   RO          253    .ARM.Collect$$libinit$$0000000E  c_p.l(libinit2.o)
    0x00000122   0x00000122   0x00000000   Code   RO          256    .ARM.Collect$$libinit$$00000011  c_p.l(libinit2.o)
    0x00000122   0x00000122   0x00000000   Code   RO          258    .ARM.Collect$$libinit$$00000013  c_p.l(libinit2.o)
    0x00000122   0x00000122   0x00000000   Code   RO          260    .ARM.Collect$$libinit$$00000015  c_p.l(libinit2.o)
    0x00000122   0x00000122   0x00000000   Code   RO          262    .ARM.Collect$$libinit$$00000017  c_p.l(libinit2.o)
    0x00000122   0x00000122   0x00000000   Code   RO          264    .ARM.Collect$$libinit$$00000019  c_p.l(libinit2.o)
    0x00000122   0x00000122   0x00000000   Code   RO          266    .ARM.Collect$$libinit$$0000001B  c_p.l(libinit2.o)
    0x00000122   0x00000122   0x00000000   Code   RO          268    .ARM.Collect$$libinit$$0000001D  c_p.l(libinit2.o)
    0x00000122   0x00000122   0x00000000   Code   RO          270    .ARM.Collect$$libinit$$0000001F  c_p.l(libinit2.o)
    0x00000122   0x00000122   0x00000000   Code   RO          272    .ARM.Collect$$libinit$$00000021  c_p.l(libinit2.o)
    0x00000122   0x00000122   0x00000000   Code   RO          274    .ARM.Collect$$libinit$$00000023  c_p.l(libinit2.o)
    0x00000122   0x00000122   0x00000000   Code   RO          276    .ARM.Collect$$libinit$$00000025  c_p.l(libinit2.o)
    0x00000122   0x00000122   0x00000000   Code   RO          280    .ARM.Collect$$libinit$$0000002C  c_p.l(libinit2.o)
    0x00000122   0x00000122   0x00000000   Code   RO          282    .ARM.Collect$$libinit$$0000002E  c_p.l(libinit2.o)
    0x00000122   0x00000122   0x00000000   Code   RO          284    .ARM.Collect$$libinit$$00000030  c_p.l(libinit2.o)
    0x00000122   0x00000122   0x00000000   Code   RO          286    .ARM.Collect$$libinit$$00000032  c_p.l(libinit2.o)
    0x00000122   0x00000122   0x00000002   Code   RO          287    .ARM.Collect$$libinit$$00000033  c_p.l(libinit2.o)
    0x00000124   0x00000124   0x00000002   Code   RO          322    .ARM.Collect$$libshutdown$$00000000  c_p.l(libshutdown.o)
    0x00000126   0x00000126   0x00000000   Code   RO          350    .ARM.Collect$$libshutdown$$00000002  c_p.l(libshutdown2.o)
    0x00000126   0x00000126   0x00000000   Code   RO          352    .ARM.Collect$$libshutdown$$00000004  c_p.l(libshutdown2.o)
    0x00000126   0x00000126   0x00000000   Code   RO          355    .ARM.Collect$$libshutdown$$00000007  c_p.l(libshutdown2.o)
    0x00000126   0x00000126   0x00000000   Code   RO          358    .ARM.Collect$$libshutdown$$0000000A  c_p.l(libshutdown2.o)
    0x00000126   0x00000126   0x00000000   Code   RO          360    .ARM.Collect$$libshutdown$$0000000C  c_p.l(libshutdown2.o)
    0x00000126   0x00000126   0x00000000   Code   RO          363    .ARM.Collect$$libshutdown$$0000000F  c_p.l(libshutdown2.o)
    0x00000126   0x00000126   0x00000002   Code   RO          364    .ARM.Collect$$libshutdown$$00000010  c_p.l(libshutdown2.o)
    0x00000128   0x00000128   0x00000000   Code   RO          194    .ARM.Collect$$rtentry$$00000000  c_p.l(__rtentry.o)
    0x00000128   0x00000128   0x00000000   Code   RO          200    .ARM.Collect$$rtentry$$00000002  c_p.l(__rtentry2.o)
    0x00000128   0x00000128   0x00000006   Code   RO          212    .ARM.Collect$$rtentry$$00000004  c_p.l(__rtentry4.o)
    0x0000012e   0x0000012e   0x00000000   Code   RO          202    .ARM.Collect$$rtentry$$00000009  c_p.l(__rtentry2.o)
    0x0000012e   0x0000012e   0x00000004   Code   RO          203    .ARM.Collect$$rtentry$$0000000A  c_p.l(__rtentry2.o)
    0x00000132   0x00000132   0x00000000   Code   RO          205    .ARM.Collect$$rtentry$$0000000C  c_p.l(__rtentry2.o)
    0x00000132   0x00000132   0x00000008   Code   RO          206    .ARM.Collect$$rtentry$$0000000D  c_p.l(__rtentry2.o)
    0x0000013a   0x0000013a   0x00000002   Code   RO          235    .ARM.Collect$$rtexit$$00000000  c_p.l(rtexit.o)
    0x0000013c   0x0000013c   0x00000000   Code   RO          293    .ARM.Collect$$rtexit$$00000002  c_p.l(rtexit2.o)
    0x0000013c   0x0000013c   0x00000004   Code   RO          294    .ARM.Collect$$rtexit$$00000003  c_p.l(rtexit2.o)
    0x00000140   0x00000140   0x00000006   Code   RO          295    .ARM.Collect$$rtexit$$00000004  c_p.l(rtexit2.o)
    0x00000146   0x00000146   0x00000002   PAD
    0x00000148   0x00000148   0x00000040   Code   RO          164  * .text               startup_mkl25z4.o
    0x00000188   0x00000188   0x0000016c   Code   RO          186    .text               c_p.l(aeabi_sdiv.o)
    0x000002f4   0x000002f4   0x00000006   Code   RO          190    .text               c_p.l(heapauxi.o)
    0x000002fa   0x000002fa   0x0000003e   Code   RO          216    .text               c_p.l(sys_stackheap_outer.o)
    0x00000338   0x00000338   0x00000010   Code   RO          219    .text               c_p.l(exit.o)
    0x00000348   0x00000348   0x00000008   Code   RO          231    .text               c_p.l(libspace.o)
    0x00000350   0x00000350   0x0000000c   Code   RO          288    .text               c_p.l(sys_exit.o)
    0x0000035c   0x0000035c   0x00000002   Code   RO          311    .text               c_p.l(use_no_semi.o)
    0x0000035e   0x0000035e   0x00000000   Code   RO          313    .text               c_p.l(indicate_semi.o)
    0x0000035e   0x0000035e   0x00000012   Code   RO          142    .text.Clear_LCD     lcd_4bit.o
    0x00000370   0x00000370   0x00000028   Code   RO           25    .text.Control_IR_LED  ir.o
    0x00000398   0x00000398   0x00000028   Code   RO          153    .text.Delay         delay.o
    0x000003c0   0x000003c0   0x00000038   Code   RO           29    .text.Measure_IR    ir.o
    0x000003f8   0x000003f8   0x00000008   PAD
    0x00000400   0x00000400   0x00000010   Code   RO          163    .ARM.__at_0x400     startup_mkl25z4.o
    0x00000410   0x00000410   0x00000094   Code   RO          138    .text.Init_LCD      lcd_4bit.o
    0x000004a4   0x000004a4   0x000000b0   Code   RO          110    .text.PIT_IRQHandler  timers.o
    0x00000554   0x00000554   0x00000024   Code   RO          144    .text.Print_LCD     lcd_4bit.o
    0x00000578   0x00000578   0x0000004e   Code   RO           52    .text.Q_Dequeue     queue.o
    0x000005c6   0x000005c6   0x00000014   Code   RO           44    .text.Q_Empty       queue.o
    0x000005da   0x000005da   0x0000004a   Code   RO           50    .text.Q_Enqueue     queue.o
    0x00000624   0x00000624   0x0000001a   Code   RO           46    .text.Q_Full        queue.o
    0x0000063e   0x0000063e   0x0000002a   Code   RO          140    .text.Set_Cursor    lcd_4bit.o
    0x00000668   0x00000668   0x0000000c   Code   RO          173    .text.SystemInit    system_mkl25z4_1.o
    0x00000674   0x00000674   0x000000ac   Code   RO           77    .text.UART1_IRQHandler  uart.o
    0x00000720   0x00000720   0x00000028   Code   RO           67    .text.__NVIC_ClearPendingIRQ  uart.o
    0x00000748   0x00000748   0x0000002c   Code   RO          102    .text.__NVIC_ClearPendingIRQ  timers.o
    0x00000774   0x00000774   0x00000050   Code   RO          136    .text.lcd_init_port  lcd_4bit.o
    0x000007c4   0x000007c4   0x00000014   Code   RO          132    .text.lcd_putchar   lcd_4bit.o
    0x000007d8   0x000007d8   0x0000008c   Code   RO          126    .text.lcd_read_status  lcd_4bit.o
    0x00000864   0x00000864   0x00000048   Code   RO          128    .text.lcd_write_4bit  lcd_4bit.o
    0x000008ac   0x000008ac   0x00000030   Code   RO          130    .text.lcd_write_cmd  lcd_4bit.o
    0x000008dc   0x000008dc   0x00000030   Code   RO          134    .text.lcd_write_data  lcd_4bit.o
    0x0000090c   0x0000090c   0x00000028   Code   RO           13    .text.main          main.o
    0x00000934   0x00000934   0x00000014   Code   RO          124    .text.wait_while_busy  lcd_4bit.o
    0x00000948   0x00000948   0x0000000c   Data   RO           15    .rodata.str1.1      main.o
    0x00000954   0x00000954   0x00000010   Data   RO          366    Region$$Table       anon$$obj.o


    Execution Region ER_RW (Exec base: 0x1ffff000, Load base: 0x00000964, Size: 0x00000000, Max: 0xffffffff, ABSOLUTE)

    **** No section assigned to this execution region ****


    Execution Region ER_ZI (Exec base: 0x1ffff000, Load base: 0x00000964, Size: 0x00000390, Max: 0xffffffff, ABSOLUTE)

    Exec Addr    Load Addr    Size         Type   Attr      Idx    E Section Name        Object

    0x1ffff000        -       0x00000060   Zero   RW          232    .bss                c_p.l(libspace.o)
    0x1ffff060        -       0x00000001   Zero   RW           85    .bss.CR_received    uart.o
    0x1ffff061   0x00000964   0x00000003   PAD
    0x1ffff064        -       0x0000010c   Zero   RW           87    .bss.RxQ            uart.o
    0x1ffff170        -       0x0000010c   Zero   RW           86    .bss.TxQ            uart.o
    0x1ffff27c        -       0x00000004   Zero   RW          115    .bss.avg_diff       timers.o
    0x1ffff280        -       0x00000004   Zero   RW          114    .bss.ir_diff        timers.o
    0x1ffff284        -       0x00000004   Zero   RW          113    .bss.ir_state       timers.o
    0x1ffff288        -       0x00000004   Zero   RW          116    .bss.n_diff_calculated  timers.o
    0x1ffff28c   0x00000964   0x00000004   PAD
    0x1ffff290        -       0x00000000   Zero   RW          161    HEAP                startup_mkl25z4.o
    0x1ffff290        -       0x00000100   Zero   RW          160    STACK               startup_mkl25z4.o


==============================================================================

Image component sizes


      Code (inc. data)   RO Data    RW Data    ZI Data      Debug   Object Name

        40          4          0          0          0        579   delay.o
        96         20          0          0          0       3146   ir.o
       672         76          0          0          0       3146   lcd_4bit.o
        40          4         12          0          0        406   main.o
       198          0          0          0          0       1544   queue.o
        80         44        192          0        256        940   startup_mkl25z4.o
        12          4          0          0          0       2598   system_mkl25z4_1.o
       220         28          0          0         16       4290   timers.o
       212         24          0          0        537       5628   uart.o

    ----------------------------------------------------------------------
      1578        212        220          0        816      22277   Object Totals
         0          0         16          0          0          0   (incl. Generated)
         8          8          0          0          7          0   (incl. Padding)

    ----------------------------------------------------------------------

      Code (inc. data)   RO Data    RW Data    ZI Data      Debug   Library Member Name

         8          0          0          0          0         68   __main.o
         0          0          0          0          0          0   __rtentry.o
        12          0          0          0          0          0   __rtentry2.o
         6          0          0          0          0          0   __rtentry4.o
        60          8          0          0          0          0   __scatter.o
        28          0          0          0          0          0   __scatter_zi.o
       364          4          0          0          0         92   aeabi_sdiv.o
        16          0          0          0          0         68   exit.o
         6          0          0          0          0        136   heapauxi.o
         0          0          0          0          0          0   indicate_semi.o
         2          0          0          0          0          0   libinit.o
         2          0          0          0          0          0   libinit2.o
         2          0          0          0          0          0   libshutdown.o
         2          0          0          0          0          0   libshutdown2.o
         8          4          0          0         96         68   libspace.o
         2          0          0          0          0          0   rtexit.o
        10          0          0          0          0          0   rtexit2.o
        12          4          0          0          0         60   sys_exit.o
        62          0          0          0          0         80   sys_stackheap_outer.o
         2          0          0          0          0         68   use_no_semi.o

    ----------------------------------------------------------------------
       606         20          0          0         96        640   Library Totals
         2          0          0          0          0          0   (incl. Padding)

    ----------------------------------------------------------------------

      Code (inc. data)   RO Data    RW Data    ZI Data      Debug   Library Name

       604         20          0          0         96        640   c_p.l

    ----------------------------------------------------------------------
       606         20          0          0         96        640   Library Totals

    ----------------------------------------------------------------------

==============================================================================


      Code (inc. data)   RO Data    RW Data    ZI Data      Debug   

      2184        232        220          0        912      22565   Grand Totals
      2184        232        220          0        912      22565   ELF Image Totals
      2184        232        220          0          0          0   ROM Totals

==============================================================================

    Total RO  Size (Code + RO Data)                 2404 (   2.35kB)
    Total RW  Size (RW Data + ZI Data)               912 (   0.89kB)
    Total ROM Size (Code + RO Data + RW Data)       2404 (   2.35kB)

==============================================================================

