Component: ARM Compiler 6.16 Tool: armlink [5dfeaa00]

==============================================================================

Section Cross References

    delay.o(.ARM.exidx.text.Delay) refers to delay.o(.text.Delay) for [Anonymous Symbol]
    lcd_4bit.o(.text.wait_while_busy) refers to lcd_4bit.o(.text.lcd_read_status) for lcd_read_status
    lcd_4bit.o(.ARM.exidx.text.wait_while_busy) refers to lcd_4bit.o(.text.wait_while_busy) for [Anonymous Symbol]
    lcd_4bit.o(.text.lcd_read_status) refers to delay.o(.text.Delay) for Delay
    lcd_4bit.o(.ARM.exidx.text.lcd_read_status) refers to lcd_4bit.o(.text.lcd_read_status) for [Anonymous Symbol]
    lcd_4bit.o(.text.lcd_write_4bit) refers to delay.o(.text.Delay) for Delay
    lcd_4bit.o(.ARM.exidx.text.lcd_write_4bit) refers to lcd_4bit.o(.text.lcd_write_4bit) for [Anonymous Symbol]
    lcd_4bit.o(.text.lcd_write_cmd) refers to lcd_4bit.o(.text.wait_while_busy) for wait_while_busy
    lcd_4bit.o(.text.lcd_write_cmd) refers to lcd_4bit.o(.text.lcd_write_4bit) for lcd_write_4bit
    lcd_4bit.o(.ARM.exidx.text.lcd_write_cmd) refers to lcd_4bit.o(.text.lcd_write_cmd) for [Anonymous Symbol]
    lcd_4bit.o(.text.lcd_putchar) refers to lcd_4bit.o(.text.lcd_write_data) for lcd_write_data
    lcd_4bit.o(.ARM.exidx.text.lcd_putchar) refers to lcd_4bit.o(.text.lcd_putchar) for [Anonymous Symbol]
    lcd_4bit.o(.text.lcd_write_data) refers to lcd_4bit.o(.text.wait_while_busy) for wait_while_busy
    lcd_4bit.o(.text.lcd_write_data) refers to lcd_4bit.o(.text.lcd_write_4bit) for lcd_write_4bit
    lcd_4bit.o(.ARM.exidx.text.lcd_write_data) refers to lcd_4bit.o(.text.lcd_write_data) for [Anonymous Symbol]
    lcd_4bit.o(.ARM.exidx.text.lcd_init_port) refers to lcd_4bit.o(.text.lcd_init_port) for [Anonymous Symbol]
    lcd_4bit.o(.text.Init_LCD) refers to lcd_4bit.o(.text.lcd_init_port) for lcd_init_port
    lcd_4bit.o(.text.Init_LCD) refers to delay.o(.text.Delay) for Delay
    lcd_4bit.o(.text.Init_LCD) refers to lcd_4bit.o(.text.lcd_write_4bit) for lcd_write_4bit
    lcd_4bit.o(.text.Init_LCD) refers to lcd_4bit.o(.text.lcd_write_cmd) for lcd_write_cmd
    lcd_4bit.o(.ARM.exidx.text.Init_LCD) refers to lcd_4bit.o(.text.Init_LCD) for [Anonymous Symbol]
    lcd_4bit.o(.text.Set_Cursor) refers to lcd_4bit.o(.text.lcd_write_cmd) for lcd_write_cmd
    lcd_4bit.o(.ARM.exidx.text.Set_Cursor) refers to lcd_4bit.o(.text.Set_Cursor) for [Anonymous Symbol]
    lcd_4bit.o(.text.Clear_LCD) refers to lcd_4bit.o(.text.lcd_write_cmd) for lcd_write_cmd
    lcd_4bit.o(.text.Clear_LCD) refers to lcd_4bit.o(.text.Set_Cursor) for Set_Cursor
    lcd_4bit.o(.ARM.exidx.text.Clear_LCD) refers to lcd_4bit.o(.text.Clear_LCD) for [Anonymous Symbol]
    lcd_4bit.o(.text.Print_LCD) refers to lcd_4bit.o(.text.lcd_putchar) for lcd_putchar
    lcd_4bit.o(.ARM.exidx.text.Print_LCD) refers to lcd_4bit.o(.text.Print_LCD) for [Anonymous Symbol]
    main.o(.text.main) refers to switches.o(.text.Init_5way_Switch) for Init_5way_Switch
    main.o(.text.main) refers to uart.o(.text.Init_UART1) for Init_UART1
    main.o(.text.main) refers to lcd_4bit.o(.text.Init_LCD) for Init_LCD
    main.o(.text.main) refers to lcd_4bit.o(.text.Set_Cursor) for Set_Cursor
    main.o(.text.main) refers to lcd_4bit.o(.text.Print_LCD) for Print_LCD
    main.o(.text.main) refers to uart.o(.text.Get_Num_Rx_Chars_Available) for Get_Num_Rx_Chars_Available
    main.o(.text.main) refers to uart.o(.text.Get_Char) for Get_Char
    main.o(.text.main) refers to sprintf.o(.text) for sprintf
    main.o(.text.main) refers to lcd_4bit.o(.text.Clear_LCD) for Clear_LCD
    main.o(.text.main) refers to delay.o(.text.Delay) for Delay
    main.o(.text.main) refers to main.o(.rodata.str1.1) for [Anonymous Symbol]
    main.o(.ARM.exidx.text.main) refers to main.o(.text.main) for [Anonymous Symbol]
    uart.o(.text.Init_UART1) refers to dflti.o(.text) for __aeabi_ui2d
    uart.o(.text.Init_UART1) refers to ddiv.o(.text) for __aeabi_ddiv
    uart.o(.text.Init_UART1) refers to dfixui.o(.text) for __aeabi_d2uiz
    uart.o(.text.Init_UART1) refers to uart.o(.text.__NVIC_SetPriority) for __NVIC_SetPriority
    uart.o(.text.Init_UART1) refers to uart.o(.text.__NVIC_ClearPendingIRQ) for __NVIC_ClearPendingIRQ
    uart.o(.text.Init_UART1) refers to uart.o(.text.__NVIC_EnableIRQ) for __NVIC_EnableIRQ
    uart.o(.text.Init_UART1) refers to queue.o(.text.Q_Init) for Q_Init
    uart.o(.text.Init_UART1) refers to uart.o(.bss.TxQ) for TxQ
    uart.o(.text.Init_UART1) refers to uart.o(.bss.RxQ) for RxQ
    uart.o(.ARM.exidx.text.Init_UART1) refers to uart.o(.text.Init_UART1) for [Anonymous Symbol]
    uart.o(.ARM.exidx.text.__NVIC_SetPriority) refers to uart.o(.text.__NVIC_SetPriority) for [Anonymous Symbol]
    uart.o(.ARM.exidx.text.__NVIC_ClearPendingIRQ) refers to uart.o(.text.__NVIC_ClearPendingIRQ) for [Anonymous Symbol]
    uart.o(.ARM.exidx.text.__NVIC_EnableIRQ) refers to uart.o(.text.__NVIC_EnableIRQ) for [Anonymous Symbol]
[...]
    ../clib/angel/sysapp.c                   0x00000000   Number         0  sys_command_hlt.o ABSOLUTE
    ../clib/armsys.c                         0x00000000   Number         0  argv_veneer.o ABSOLUTE
    ../clib/armsys.c                         0x00000000   Number         0  _get_argv_nomalloc.o ABSOLUTE
    ../clib/armsys.c                         0x00000000   Number         0  no_argv.o ABSOLUTE
    ../clib/bigflt.c                         0x00000000   Number         0  bigflt0.o ABSOLUTE
    ../clib/btod.c                           0x00000000   Number         0  btod.o ABSOLUTE
    ../clib/btod_accurate.c                  0x00000000   Number         0  btod_accurate.o ABSOLUTE
    ../clib/btod_accurate.c                  0x00000000   Number         0  btod_accurate_common.o ABSOLUTE
    ../clib/division.c                       0x00000000   Number         0  lludiv10.o ABSOLUTE
    ../clib/division.c                       0x00000000   Number         0  rtudiv10.o ABSOLUTE
    ../clib/division.s                       0x00000000   Number         0  aeabi_sdivfast.o ABSOLUTE
    ../clib/division.s                       0x00000000   Number         0  aeabi_sdivfast_div0.o ABSOLUTE
    ../clib/heapalloc.c                      0x00000000   Number         0  hrguard.o ABSOLUTE
    ../clib/heapaux.c                        0x00000000   Number         0  heapauxi.o ABSOLUTE
    ../clib/libinit.s                        0x00000000   Number         0  libinit.o ABSOLUTE
    ../clib/libinit.s                        0x00000000   Number         0  libinit2.o ABSOLUTE
    ../clib/libinit.s                        0x00000000   Number         0  libshutdown.o ABSOLUTE
    ../clib/libinit.s                        0x00000000   Number         0  libshutdown2.o ABSOLUTE
    ../clib/locale.c                         0x00000000   Number         0  _c16rtomb.o ABSOLUTE
    ../clib/locale.s                         0x00000000   Number         0  lc_numeric_c.o ABSOLUTE
    ../clib/locale.s                         0x00000000   Number         0  lc_ctype_c.o ABSOLUTE
    ../clib/longlong.c                       0x00000000   Number         0  llushr.o ABSOLUTE
    ../clib/memcpset.s                       0x00000000   Number         0  strcmpv6m.o ABSOLUTE
    ../clib/misc.s                           0x00000000   Number         0  printf_stubs.o ABSOLUTE
    ../clib/printf.c                         0x00000000   Number         0  sprintf.o ABSOLUTE
    ../clib/printf.c                         0x00000000   Number         0  __printf.o ABSOLUTE
    ../clib/printf.c                         0x00000000   Number         0  _printf_pad.o ABSOLUTE
    ../clib/printf.c                         0x00000000   Number         0  _printf_truncate.o ABSOLUTE
    ../clib/printf.c                         0x00000000   Number         0  _printf_str.o ABSOLUTE
    ../clib/printf.c                         0x00000000   Number         0  _printf_dec.o ABSOLUTE
    ../clib/printf.c                         0x00000000   Number         0  _printf_charcount.o ABSOLUTE
    ../clib/printf.c                         0x00000000   Number         0  _printf_char_common.o ABSOLUTE
    ../clib/printf.c                         0x00000000   Number         0  _sputc.o ABSOLUTE
    ../clib/printf.c                         0x00000000   Number         0  _printf_wctomb.o ABSOLUTE
    ../clib/printf.c                         0x00000000   Number         0  _printf_longlong_dec.o ABSOLUTE
    ../clib/printf.c                         0x00000000   Number         0  _printf_oct_ll.o ABSOLUTE
    ../clib/printf.c                         0x00000000   Number         0  _printf_oct_int.o ABSOLUTE
    ../clib/printf.c                         0x00000000   Number         0  _printf_oct_int_ll.o ABSOLUTE
    ../clib/printf.c                         0x00000000   Number         0  _printf_hex_ll.o ABSOLUTE
    ../clib/printf.c                         0x00000000   Number         0  _printf_hex_int.o ABSOLUTE
    ../clib/printf.c                         0x00000000   Number         0  _printf_hex_int_ll.o ABSOLUTE
    ../clib/printf.c                         0x00000000   Number         0  _printf_hex_ptr.o ABSOLUTE
    ../clib/printf.c                         0x00000000   Number         0  _printf_hex_int_ptr.o ABSOLUTE
    ../clib/printf.c                         0x00000000   Number         0  _printf_hex_ll_ptr.o ABSOLUTE
    ../clib/printf.c                         0x00000000   Number         0  _printf_hex_int_ll_ptr.o ABSOLUTE
    ../clib/printf.c                         0x00000000   Number         0  __printf_flags.o ABSOLUTE
    ../clib/printf.c                         0x00000000   Number         0  __printf_ss.o ABSOLUTE
    ../clib/printf.c                         0x00000000   Number         0  __printf_flags_ss.o ABSOLUTE
    ../clib/printf.c                         0x00000000   Number         0  __printf_wp.o ABSOLUTE
    ../clib/printf.c                         0x00000000   Number         0  __printf_flags_wp.o ABSOLUTE
    ../clib/printf.c                         0x00000000   Number         0  __printf_ss_wp.o ABSOLUTE
    ../clib/printf.c                         0x00000000   Number         0  __printf_flags_ss_wp.o ABSOLUTE
    ../clib/printf.c                         0x00000000   Number         0  _printf_intcommon.o ABSOLUTE
    ../clib/printf.c                         0x00000000   Number         0  _printf_fp_dec.o ABSOLUTE
    ../clib/printf.c                         0x00000000   Number         0  _printf_fp_dec_accurate.o ABSOLUTE
    ../clib/printf.c                         0x00000000   Number         0  _printf_fp_hex.o ABSOLUTE
    ../clib/printf.c                         0x00000000   Number         0  __printf_nopercent.o ABSOLUTE
    ../clib/printf.c                         0x00000000   Number         0  _printf_char.o ABSOLUTE
    ../clib/printf.c                         0x00000000   Number         0  _printf_wchar.o ABSOLUTE
    ../clib/printf.c                         0x00000000   Number         0  _printf_fp_infnan.o ABSOLUTE
    ../clib/printf_percent.s                 0x00000000   Number         0  _printf_c.o ABSOLUTE
    ../clib/printf_percent.s                 0x00000000   Number         0  _printf_s.o ABSOLUTE
    ../clib/printf_percent.s                 0x00000000   Number         0  _printf_n.o ABSOLUTE
    ../clib/printf_percent.s                 0x00000000   Number         0  _printf_x.o ABSOLUTE
    ../clib/printf_percent.s                 0x00000000   Number         0  _printf_p.o ABSOLUTE
    ../clib/printf_percent.s                 0x00000000   Number         0  _printf_o.o ABSOLUTE
    ../clib/printf_percent.s                 0x00000000   Number         0  _printf_i.o ABSOLUTE
    ../clib/printf_percent.s                 0x00000000   Number         0  _printf_d.o ABSOLUTE
    ../clib/printf_percent.s                 0x00000000   Number         0  _printf_u.o ABSOLUTE
    ../clib/printf_percent.s                 0x00000000   Number         0  _printf_f.o ABSOLUTE
    ../clib/printf_percent.s                 0x00000000   Number         0  _printf_e.o ABSOLUTE
    ../clib/printf_percent.s                 0x00000000   Number         0  _printf_g.o ABSOLUTE
    ../clib/printf_percent.s                 0x00000000   Number         0  _printf_a.o ABSOLUTE
    ../clib/printf_percent.s                 0x00000000   Number         0  _printf_percent.o ABSOLUTE
    ../clib/printf_percent.s                 0x00000000   Number         0  _printf_lli.o ABSOLUTE
    ../clib/printf_percent.s                 0x00000000   Number         0  _printf_lld.o ABSOLUTE
    ../clib/printf_percent.s                 0x00000000   Number         0  _printf_llu.o ABSOLUTE
    ../clib/printf_percent.s                 0x00000000   Number         0  _printf_ll.o ABSOLUTE
    ../clib/printf_percent.s                 0x00000000   Number         0  _printf_l.o ABSOLUTE
    ../clib/printf_percent.s                 0x00000000   Number         0  _printf_lc.o ABSOLUTE
    ../clib/printf_percent.s                 0x00000000   Number         0  _printf_ls.o ABSOLUTE
    ../clib/printf_percent.s                 0x00000000   Number         0  _printf_llo.o ABSOLUTE
    ../clib/printf_percent.s                 0x00000000   Number         0  _printf_llx.o ABSOLUTE
    ../clib/printf_percent.s                 0x00000000   Number         0  _printf_percent_end.o ABSOLUTE
    ../clib/signal.c                         0x00000000   Number         0  defsig_fpe_outer.o ABSOLUTE
    ../clib/signal.c                         0x00000000   Number         0  defsig_fpe_formal.o ABSOLUTE
    ../clib/signal.c                         0x00000000   Number         0  defsig_exit.o ABSOLUTE
    ../clib/signal.c                         0x00000000   Number         0  defsig_fpe_inner.o ABSOLUTE
    ../clib/signal.c                         0x00000000   Number         0  __raise.o ABSOLUTE
    ../clib/signal.c                         0x00000000   Number         0  defsig_general.o ABSOLUTE
    ../clib/signal.c                         0x00000000   Number         0  defsig_abrt_inner.o ABSOLUTE
    ../clib/signal.c                         0x00000000   Number         0  defsig_rtred_inner.o ABSOLUTE
    ../clib/signal.c                         0x00000000   Number         0  defsig_rtmem_inner.o ABSOLUTE
    ../clib/signal.c                         0x00000000   Number         0  defsig_rtmem_outer.o ABSOLUTE
    ../clib/signal.c                         0x00000000   Number         0  defsig_rtmem_formal.o ABSOLUTE
    ../clib/signal.c                         0x00000000   Number         0  defsig_stak_inner.o ABSOLUTE
    ../clib/signal.c                         0x00000000   Number         0  defsig_pvfn_inner.o ABSOLUTE
    ../clib/signal.c                         0x00000000   Number         0  defsig_cppl_inner.o ABSOLUTE
    ../clib/signal.c                         0x00000000   Number         0  defsig_segv_inner.o ABSOLUTE
    ../clib/signal.c                         0x00000000   Number         0  defsig_other.o ABSOLUTE
    ../clib/signal.s                         0x00000000   Number         0  defsig.o ABSOLUTE
    ../clib/stdlib.c                         0x00000000   Number         0  exit.o ABSOLUTE
    ../fplib/cfplib/ddiv.c                   0x00000000   Number         0  ddiv.o ABSOLUTE
    ../fplib/cfplib/ffix.c                   0x00000000   Number         0  dfixui.o ABSOLUTE
    ../fplib/cfplib/fflt.c                   0x00000000   Number         0  dflti.o ABSOLUTE
    ../fplib/cfplib/fpinit.c                 0x00000000   Number         0  fpinit.o ABSOLUTE
    ../fplib/cfplib/ieee_status.c            0x00000000   Number         0  ieee_status.o ABSOLUTE
    ../fplib/printf1.s                       0x00000000   Number         0  printf1.o ABSOLUTE
    ../fplib/printf2.s                       0x00000000   Number         0  printf2.o ABSOLUTE
    ../fplib/printf2a.s                      0x00000000   Number         0  printf2a.o ABSOLUTE
    ../fplib/printf2b.s                      0x00000000   Number         0  printf2b.o ABSOLUTE
    ../fplib/usenofp.s                       0x00000000   Number         0  usenofp.o ABSOLUTE
    ../mathlib/fpclassify.c                  0x00000000   Number         0  fpclassify.o ABSOLUTE
    LCD_4bit.c                               0x00000000   Number         0  lcd_4bit.o ABSOLUTE
    RTE/Device/MKL25Z128xxx4/startup_MKL25Z4.s 0x00000000   Number         0  startup_mkl25z4.o ABSOLUTE
    UART.c                                   0x00000000   Number         0  uart.o ABSOLUTE
    dc.s                                     0x00000000   Number         0  dc.o ABSOLUTE
    delay.c                                  0x00000000   Number         0  delay.o ABSOLUTE
    main.c                                   0x00000000   Number         0  main.o ABSOLUTE
    queue.c                                  0x00000000   Number         0  queue.o ABSOLUTE
    switches.c                               0x00000000   Number         0  switches.o ABSOLUTE
    system_MKL25Z4.c                         0x00000000   Number         0  system_mkl25z4.o ABSOLUTE
    RESET                                    0x00000000   Section      192  startup_mkl25z4.o(RESET)
    !!!main                                  0x000000c0   Section        8  __main.o(!!!main)
    !!!scatter                               0x000000c8   Section       60  __scatter.o(!!!scatter)
    !!handler_zi                             0x00000104   Section       28  __scatter_zi.o(!!handler_zi)
    .ARM.Collect$$_printf_percent$$00000000  0x00000120   Section        2  _printf_percent.o(.ARM.Collect$$_printf_percent$$00000000)
    .ARM.Collect$$_printf_percent$$00000001  0x00000122   Section       10  _printf_n.o(.ARM.Collect$$_printf_percent$$00000001)
    .ARM.Collect$$_printf_percent$$00000002  0x0000012c   Section       10  _printf_p.o(.ARM.Collect$$_printf_percent$$00000002)
    .ARM.Collect$$_printf_percent$$00000003  0x00000136   Section       10  _printf_f.o(.ARM.Collect$$_printf_percent$$00000003)
    .ARM.Collect$$_printf_percent$$00000004  0x00000140   Section       10  _printf_e.o(.ARM.Collect$$_printf_percent$$00000004)
    .ARM.Collect$$_printf_percent$$00000005  0x0000014a   Section       10  _printf_g.o(.ARM.Collect$$_printf_percent$$00000005)
    .ARM.Collect$$_printf_percent$$00000006  0x00000154   Section       10  _printf_a.o(.ARM.Collect$$_printf_percent$$00000006)
    .ARM.Collect$$_printf_percent$$00000007  0x0000015e   Section       10  _printf_ll.o(.ARM.Collect$$_printf_percent$$00000007)
    .ARM.Collect$$_printf_percent$$00000008  0x00000168   Section       10  _printf_i.o(.ARM.Collect$$_printf_percent$$00000008)
    .ARM.Collect$$_printf_percent$$00000009  0x00000172   Section       10  _printf_d.o(.ARM.Collect$$_printf_percent$$00000009)
    .ARM.Collect$$_printf_percent$$0000000A  0x0000017c   Section       10  _printf_u.o(.ARM.Collect$$_printf_percent$$0000000A)
    .ARM.Collect$$_printf_percent$$0000000B  0x00000186   Section       10  _printf_o.o(.ARM.Collect$$_printf_percent$$0000000B)
    .ARM.Collect$$_printf_percent$$0000000C  0x00000190   Section       10  _printf_x.o(.ARM.Collect$$_printf_percent$$0000000C)
    .ARM.Collect$$_printf_percent$$0000000D  0x0000019a   Section       10  _printf_lli.o(.ARM.Collect$$_printf_percent$$0000000D)
    .ARM.Collect$$_printf_percent$$0000000E  0x000001a4   Section       10  _printf_lld.o(.ARM.Collect$$_printf_percent$$0000000E)
    .ARM.Collect$$_printf_percent$$0000000F  0x000001ae   Section       10  _printf_llu.o(.ARM.Collect$$_printf_percent$$0000000F)
    .ARM.Collect$$_printf_percent$$00000010  0x000001b8   Section       10  _printf_llo.o(.ARM.Collect$$_printf_percent$$00000010)
    .ARM.Collect$$_printf_percent$$00000011  0x000001c2   Section       10  _printf_llx.o(.ARM.Collect$$_printf_percent$$00000011)
    .ARM.Collect$$_printf_percent$$00000012  0x000001cc   Section       10  _printf_l.o(.ARM.Collect$$_printf_percent$$00000012)
    .ARM.Collect$$_printf_percent$$00000013  0x000001d6   Section       10  _printf_c.o(.ARM.Collect$$_printf_percent$$00000013)
    .ARM.Collect$$_printf_percent$$00000014  0x000001e0   Section       10  _printf_s.o(.ARM.Collect$$_printf_percent$$00000014)
    .ARM.Collect$$_printf_percent$$00000015  0x000001ea   Section       10  _printf_lc.o(.ARM.Collect$$_printf_percent$$00000015)
    .ARM.Collect$$_printf_percent$$00000016  0x000001f4   Section       10  _printf_ls.o(.ARM.Collect$$_printf_percent$$00000016)
    .ARM.Collect$$_printf_percent$$00000017  0x000001fe   Section        4  _printf_percent_end.o(.ARM.Collect$$_printf_percent$$00000017)
    .ARM.Collect$$libinit$$00000000          0x00000202   Section        2  libinit.o(.ARM.Collect$$libinit$$00000000)
    .ARM.Collect$$libinit$$00000002          0x00000204   Section        0  libinit2.o(.ARM.Collect$$libinit$$00000002)
    .ARM.Collect$$libinit$$00000004          0x00000204   Section        0  libinit2.o(.ARM.Collect$$libinit$$00000004)
    .ARM.Collect$$libinit$$0000000A          0x00000204   Section        0  libinit2.o(.ARM.Collect$$libinit$$0000000A)
    .ARM.Collect$$libinit$$0000000C          0x00000204   Section        0  libinit2.o(.ARM.Collect$$libinit$$0000000C)
    .ARM.Collect$$libinit$$0000000E          0x00000204   Section        0  libinit2.o(.ARM.Collect$$libinit$$0000000E)
    .ARM.Collect$$libinit$$0000000F          0x00000204   Section        6  libinit2.o(.ARM.Collect$$libinit$$0000000F)
    .ARM.Collect$$libinit$$00000011          0x0000020a   Section        0  libinit2.o(.ARM.Collect$$libinit$$00000011)
    .ARM.Collect$$libinit$$00000012          0x0000020a   Section       12  libinit2.o(.ARM.Collect$$libinit$$00000012)
    .ARM.Collect$$libinit$$00000013          0x00000216   Section        0  libinit2.o(.ARM.Collect$$libinit$$00000013)
    .ARM.Collect$$libinit$$00000015          0x00000216   Section        0  libinit2.o(.ARM.Collect$$libinit$$00000015)
    .ARM.Collect$$libinit$$00000016          0x00000216   Section       10  libinit2.o(.ARM.Collect$$libinit$$00000016)
    .ARM.Collect$$libinit$$00000017          0x00000220   Section        0  libinit2.o(.ARM.Collect$$libinit$$00000017)
    .ARM.Collect$$libinit$$00000019          0x00000220   Section        0  libinit2.o(.ARM.Collect$$libinit$$00000019)
    .ARM.Collect$$libinit$$0000001B          0x00000220   Section        0  libinit2.o(.ARM.Collect$$libinit$$0000001B)
    .ARM.Collect$$libinit$$0000001D          0x00000220   Section        0  libinit2.o(.ARM.Collect$$libinit$$0000001D)
    .ARM.Collect$$libinit$$0000001F          0x00000220   Section        0  libinit2.o(.ARM.Collect$$libinit$$0000001F)
    .ARM.Collect$$libinit$$00000021          0x00000220   Section        0  libinit2.o(.ARM.Collect$$libinit$$00000021)
    .ARM.Collect$$libinit$$00000023          0x00000220   Section        0  libinit2.o(.ARM.Collect$$libinit$$00000023)
    .ARM.Collect$$libinit$$00000025          0x00000220   Section        0  libinit2.o(.ARM.Collect$$libinit$$00000025)
    .ARM.Collect$$libinit$$0000002C          0x00000220   Section        0  libinit2.o(.ARM.Collect$$libinit$$0000002C)
    .ARM.Collect$$libinit$$0000002E          0x00000220   Section        0  libinit2.o(.ARM.Collect$$libinit$$0000002E)
    .ARM.Collect$$libinit$$00000030          0x00000220   Section        0  libinit2.o(.ARM.Collect$$libinit$$00000030)
    .ARM.Collect$$libinit$$00000032          0x00000220   Section        0  libinit2.o(.ARM.Collect$$libinit$$00000032)
    .ARM.Collect$$libinit$$00000033          0x00000220   Section        2  libinit2.o(.ARM.Collect$$libinit$$00000033)
    .ARM.Collect$$libshutdown$$00000000      0x00000222   Section        2  libshutdown.o(.ARM.Collect$$libshutdown$$00000000)
    .ARM.Collect$$libshutdown$$00000002      0x00000224   Section        0  libshutdown2.o(.ARM.Collect$$libshutdown$$00000002)
    .ARM.Collect$$libshutdown$$00000004      0x00000224   Section        0  libshutdown2.o(.ARM.Collect$$libshutdown$$00000004)
    .ARM.Collect$$libshutdown$$00000007      0x00000224   Section        0  libshutdown2.o(.ARM.Collect$$libshutdown$$00000007)
    .ARM.Collect$$libshutdown$$0000000A      0x00000224   Section        0  libshutdown2.o(.ARM.Collect$$libshutdown$$0000000A)
    .ARM.Collect$$libshutdown$$0000000C      0x00000224   Section        0  libshutdown2.o(.ARM.Collect$$libshutdown$$0000000C)
    .ARM.Collect$$libshutdown$$0000000F      0x00000224   Section        0  libshutdown2.o(.ARM.Collect$$libshutdown$$0000000F)
    .ARM.Collect$$libshutdown$$00000010      0x00000224   Section        2  libshutdown2.o(.ARM.Collect$$libshutdown$$00000010)
    .ARM.Collect$$rtentry$$00000000          0x00000226   Section        0  __rtentry.o(.ARM.Collect$$rtentry$$00000000)
    .ARM.Collect$$rtentry$$00000002          0x00000226   Section        0  __rtentry2.o(.ARM.Collect$$rtentry$$00000002)
    .ARM.Collect$$rtentry$$00000004          0x00000226   Section        6  __rtentry4.o(.ARM.Collect$$rtentry$$00000004)
    .ARM.Collect$$rtentry$$00000009          0x0000022c   Section        0  __rtentry2.o(.ARM.Collect$$rtentry$$00000009)
    .ARM.Collect$$rtentry$$0000000A          0x0000022c   Section        4  __rtentry2.o(.ARM.Collect$$rtentry$$0000000A)
    .ARM.Collect$$rtentry$$0000000C          0x00000230   Section        0  __rtentry2.o(.ARM.Collect$$rtentry$$0000000C)
    .ARM.Collect$$rtentry$$0000000D          0x00000230   Section        8  __rtentry2.o(.ARM.Collect$$rtentry$$0000000D)
    .ARM.Collect$$rtexit$$00000000           0x00000238   Section        2  rtexit.o(.ARM.Collect$$rtexit$$00000000)
    .ARM.Collect$$rtexit$$00000002           0x0000023a   Section        0  rtexit2.o(.ARM.Collect$$rtexit$$00000002)
    .ARM.Collect$$rtexit$$00000003           0x0000023a   Section        4  rtexit2.o(.ARM.Collect$$rtexit$$00000003)
    .ARM.Collect$$rtexit$$00000004           0x0000023e   Section        6  rtexit2.o(.ARM.Collect$$rtexit$$00000004)
    .text                                    0x00000244   Section       64  startup_mkl25z4.o(.text)
    .text                                    0x00000284   Section        0  sprintf.o(.text)
    .text                                    0x000002b0   Section        0  heapauxi.o(.text)
    .text                                    0x000002b8   Section        0  dfixui.o(.text)
    .text                                    0x00000300   Section        0  dflti.o(.text)
    .text                                    0x00000358   Section        0  _printf_pad.o(.text)
    .text                                    0x000003a6   Section        0  _printf_truncate.o(.text)
    .text                                    0x000003ca   Section        0  _printf_charcount.o(.text)
    .text                                    0x000003f0   Section        0  _sputc.o(.text)
    .text                                    0x000003fa   Section        2  use_no_semi.o(.text)
    .text                                    0x000003fc   Section        0  indicate_semi.o(.text)
    x$fpl$usenofp                            0x000003fc   Section        0  usenofp.o(x$fpl$usenofp)
    .ARM.__at_0x400                          0x00000400   Section       16  startup_mkl25z4.o(.ARM.__at_0x400)
    .text                                    0x00000410   Section      504  aeabi_sdivfast.o(.text)
    .text                                    0x00000608   Section        0  ddiv.o(.text)
    .text                                    0x00000a50   Section        0  _printf_str.o(.text)
    .text                                    0x00000aa4   Section        0  _printf_dec.o(.text)
    _printf_input_char                       0x00000b11   Thumb Code    10  _printf_char_common.o(.text)
    .text                                    0x00000b10   Section        0  _printf_char_common.o(.text)
    .text                                    0x00000b40   Section        0  _printf_wctomb.o(.text)
    .text                                    0x00000bfc   Section        0  _printf_longlong_dec.o(.text)
    _printf_longlong_oct_internal            0x00000c6d   Thumb Code     0  _printf_oct_int_ll.o(.text)
    .text                                    0x00000c6c   Section        0  _printf_oct_int_ll.o(.text)
    _printf_hex_common                       0x00000cdd   Thumb Code     0  _printf_hex_int_ll_ptr.o(.text)
    .text                                    0x00000cdc   Section        0  _printf_hex_int_ll_ptr.o(.text)
    .text                                    0x00000d74   Section        0  __printf_flags_ss_wp.o(.text)
    .text                                    0x00000efc   Section        0  lludiv10.o(.text)
    .text                                    0x00000f76   Section        0  _printf_intcommon.o(.text)
    _fp_digits                               0x00001029   Thumb Code   412  _printf_fp_dec.o(.text)
    .text                                    0x00001028   Section        0  _printf_fp_dec.o(.text)
    .text                                    0x0000143c   Section        0  _printf_fp_hex.o(.text)
    .text                                    0x00001714   Section        0  _printf_char.o(.text)
    .text                                    0x00001742   Section        0  _printf_wchar.o(.text)
    .text                                    0x00001770   Section        0  _c16rtomb.o(.text)
    .text                                    0x000017b2   Section        0  rtudiv10.o(.text)
    .text                                    0x000017da   Section       62  sys_stackheap_outer.o(.text)
    .text                                    0x00001818   Section       16  rt_ctype_table.o(.text)
    .text                                    0x00001828   Section        8  rt_locale_intlibspace.o(.text)
    .text                                    0x00001830   Section        0  _printf_fp_infnan.o(.text)
    .text                                    0x000018b8   Section        0  bigflt0.o(.text)
    .text                                    0x00001990   Section        0  btod.o(.text)
    btod_internal_mul                        0x000019d1   Thumb Code   492  btod.o(.text)
    btod_internal_div                        0x00001bbd   Thumb Code   520  btod.o(.text)
    .text                                    0x00001f10   Section        0  exit.o(.text)
    .text                                    0x00001f20   Section        8  libspace.o(.text)
    .text                                    0x00001f28   Section      176  strcmpv6m.o(.text)
    .text                                    0x00001fd8   Section        0  sys_exit.o(.text)
    [Anonymous Symbol]                       0x00001fe4   Section        0  lcd_4bit.o(.text.Clear_LCD)
    [Anonymous Symbol]                       0x00001ff8   Section        0  delay.o(.text.Delay)
    __arm_cp.0_0                             0x00002018   Number         4  delay.o(.text.Delay)
    [Anonymous Symbol]                       0x0000201c   Section        0  uart.o(.text.Get_Char)
    [Anonymous Symbol]                       0x00002028   Section        0  uart.o(.text.Get_Num_Rx_Chars_Available)
    [Anonymous Symbol]                       0x00002034   Section        0  switches.o(.text.Init_5way_Switch)
    __arm_cp.0_1                             0x00002078   Number         4  switches.o(.text.Init_5way_Switch)
    __arm_cp.0_2                             0x0000207c   Number         4  switches.o(.text.Init_5way_Switch)
    __arm_cp.0_3                             0x00002080   Number         4  switches.o(.text.Init_5way_Switch)
    __arm_cp.0_4                             0x00002084   Number         4  switches.o(.text.Init_5way_Switch)
    __arm_cp.0_5                             0x00002088   Number         4  switches.o(.text.Init_5way_Switch)
    __arm_cp.0_6                             0x0000208c   Number         4  switches.o(.text.Init_5way_Switch)
    __arm_cp.0_7                             0x00002090   Number         4  switches.o(.text.Init_5way_Switch)
    [Anonymous Symbol]                       0x00002094   Section        0  lcd_4bit.o(.text.Init_LCD)
    __arm_cp.7_0                             0x00002118   Number         4  lcd_4bit.o(.text.Init_LCD)
    __arm_cp.7_1                             0x0000211c   Number         4  lcd_4bit.o(.text.Init_LCD)
    __arm_cp.7_2                             0x00002120   Number         4  lcd_4bit.o(.text.Init_LCD)
    __arm_cp.7_3                             0x00002124   Number         4  lcd_4bit.o(.text.Init_LCD)
    [Anonymous Symbol]                       0x00002128   Section        0  uart.o(.text.Init_UART1)
    __arm_cp.0_0                             0x000021dc   Number         4  uart.o(.text.Init_UART1)
    __arm_cp.0_1                             0x000021e0   Number         4  uart.o(.text.Init_UART1)
    __arm_cp.0_2                             0x000021e4   Number         4  uart.o(.text.Init_UART1)
    __arm_cp.0_3                             0x000021e8   Number         4  uart.o(.text.Init_UART1)
    __arm_cp.0_5                             0x000021ec   Number         4  uart.o(.text.Init_UART1)
    __arm_cp.0_6                             0x000021f0   Number         4  uart.o(.text.Init_UART1)
    __arm_cp.0_7                             0x000021f4   Number         4  uart.o(.text.Init_UART1)
    __arm_cp.0_8                             0x000021f8   Number         4  uart.o(.text.Init_UART1)
    __arm_cp.0_9                             0x000021fc   Number         4  uart.o(.text.Init_UART1)
    __arm_cp.0_10                            0x00002200   Number         4  uart.o(.text.Init_UART1)
    __arm_cp.0_12                            0x00002204   Number         4  uart.o(.text.Init_UART1)
    [Anonymous Symbol]                       0x00002208   Section        0  lcd_4bit.o(.text.Print_LCD)
    [Anonymous Symbol]                       0x0000222c   Section        0  queue.o(.text.Q_Dequeue)
    [Anonymous Symbol]                       0x0000227a   Section        0  queue.o(.text.Q_Empty)
    [Anonymous Symbol]                       0x0000228e   Section        0  queue.o(.text.Q_Enqueue)
    [Anonymous Symbol]                       0x000022d8   Section        0  queue.o(.text.Q_Full)
    [Anonymous Symbol]                       0x000022f2   Section        0  queue.o(.text.Q_Init)
    [Anonymous Symbol]                       0x00002334   Section        0  queue.o(.text.Q_Size)
    [Anonymous Symbol]                       0x00002344   Section        0  lcd_4bit.o(.text.Set_Cursor)
    [Anonymous Symbol]                       0x00002370   Section        0  system_mkl25z4.o(.text.SystemInit)
    __arm_cp.0_0                             0x00002378   Number         4  system_mkl25z4.o(.text.SystemInit)
    [Anonymous Symbol]                       0x0000237c   Section        0  uart.o(.text.UART1_IRQHandler)
    __arm_cp.6_0                             0x00002410   Number         4  uart.o(.text.UART1_IRQHandler)
    __arm_cp.6_1                             0x00002414   Number         4  uart.o(.text.UART1_IRQHandler)
    __arm_cp.6_2                             0x00002418   Number         4  uart.o(.text.UART1_IRQHandler)
    __arm_cp.6_3                             0x0000241c   Number         4  uart.o(.text.UART1_IRQHandler)
    __arm_cp.6_4                             0x00002420   Number         4  uart.o(.text.UART1_IRQHandler)
    __arm_cp.6_5                             0x00002424   Number         4  uart.o(.text.UART1_IRQHandler)
    __NVIC_ClearPendingIRQ                   0x00002429   Thumb Code    40  uart.o(.text.__NVIC_ClearPendingIRQ)
    [Anonymous Symbol]                       0x00002428   Section        0  uart.o(.text.__NVIC_ClearPendingIRQ)
    __arm_cp.2_0                             0x00002450   Number         4  uart.o(.text.__NVIC_ClearPendingIRQ)
    __NVIC_EnableIRQ                         0x00002455   Thumb Code    40  uart.o(.text.__NVIC_EnableIRQ)
    [Anonymous Symbol]                       0x00002454   Section        0  uart.o(.text.__NVIC_EnableIRQ)
    __arm_cp.3_0                             0x0000247c   Number         4  uart.o(.text.__NVIC_EnableIRQ)
    __NVIC_SetPriority                       0x00002481   Thumb Code   128  uart.o(.text.__NVIC_SetPriority)
    [Anonymous Symbol]                       0x00002480   Section        0  uart.o(.text.__NVIC_SetPriority)
    __arm_cp.1_0                             0x00002500   Number         4  uart.o(.text.__NVIC_SetPriority)
    __arm_cp.1_1                             0x00002504   Number         4  uart.o(.text.__NVIC_SetPriority)
    [Anonymous Symbol]                       0x00002508   Section        0  lcd_4bit.o(.text.lcd_init_port)
    __arm_cp.6_0                             0x00002538   Number         4  lcd_4bit.o(.text.lcd_init_port)
    __arm_cp.6_1                             0x0000253c   Number         4  lcd_4bit.o(.text.lcd_init_port)
    __arm_cp.6_2                             0x00002540   Number         4  lcd_4bit.o(.text.lcd_init_port)
    __arm_cp.6_3                             0x00002544   Number         4  lcd_4bit.o(.text.lcd_init_port)
    __arm_cp.6_4                             0x00002548   Number         4  lcd_4bit.o(.text.lcd_init_port)
    __arm_cp.6_5                             0x0000254c   Number         4  lcd_4bit.o(.text.lcd_init_port)
    __arm_cp.6_6                             0x00002550   Number         4  lcd_4bit.o(.text.lcd_init_port)
    __arm_cp.6_7                             0x00002554   Number         4  lcd_4bit.o(.text.lcd_init_port)
    [Anonymous Symbol]                       0x00002558   Section        0  lcd_4bit.o(.text.lcd_putchar)
    lcd_read_status                          0x0000256d   Thumb Code   128  lcd_4bit.o(.text.lcd_read_status)
    [Anonymous Symbol]                       0x0000256c   Section        0  lcd_4bit.o(.text.lcd_read_status)
    __arm_cp.1_0                             0x000025ec   Number         4  lcd_4bit.o(.text.lcd_read_status)
    __arm_cp.1_2                             0x000025f0   Number         4  lcd_4bit.o(.text.lcd_read_status)
    __arm_cp.1_4                             0x000025f4   Number         4  lcd_4bit.o(.text.lcd_read_status)
    [Anonymous Symbol]                       0x000025f8   Section        0  lcd_4bit.o(.text.lcd_write_4bit)
    __arm_cp.2_0                             0x00002638   Number         4  lcd_4bit.o(.text.lcd_write_4bit)
    __arm_cp.2_2                             0x0000263c   Number         4  lcd_4bit.o(.text.lcd_write_4bit)
    [Anonymous Symbol]                       0x00002640   Section        0  lcd_4bit.o(.text.lcd_write_cmd)
    __arm_cp.3_0                             0x0000266c   Number         4  lcd_4bit.o(.text.lcd_write_cmd)
    lcd_write_data                           0x00002671   Thumb Code    44  lcd_4bit.o(.text.lcd_write_data)
    [Anonymous Symbol]                       0x00002670   Section        0  lcd_4bit.o(.text.lcd_write_data)
    __arm_cp.5_0                             0x0000269c   Number         4  lcd_4bit.o(.text.lcd_write_data)
    [Anonymous Symbol]                       0x000026a0   Section        0  main.o(.text.main)
    __arm_cp.0_0                             0x00002734   Number         4  main.o(.text.main)
    __arm_cp.0_1                             0x00002738   Number         4  main.o(.text.main)
    __arm_cp.0_2                             0x0000273c   Number         4  main.o(.text.main)
    [Anonymous Symbol]                       0x00002740   Section        0  lcd_4bit.o(.text.wait_while_busy)
    i.__ARM_common_ll_muluu                  0x00002754   Section        0  btod.o(i.__ARM_common_ll_muluu)
    i.__ARM_fpclassify                       0x00002784   Section        0  fpclassify.o(i.__ARM_fpclassify)
    i._is_digit                              0x000027b0   Section        0  __printf_wp.o(i._is_digit)
    locale$$code                             0x000027c0   Section       44  lc_numeric_c.o(locale$$code)
    locale$$code                             0x000027ec   Section       44  lc_ctype_c.o(locale$$code)
    x$fpl$printf1                            0x00002818   Section       16  printf1.o(x$fpl$printf1)
    x$fpl$printf2                            0x00002828   Section       16  printf2.o(x$fpl$printf2)
    ddiv_reciptbl                            0x00002838   Data         128  ddiv.o(.constdata)
    .constdata                               0x00002838   Section      128  ddiv.o(.constdata)
    initial_mbstate                          0x000028b8   Data           8  _printf_wctomb.o(.constdata)
    .constdata                               0x000028b8   Section        8  _printf_wctomb.o(.constdata)
    uc_hextab                                0x000028c0   Data          20  _printf_hex_int_ll_ptr.o(.constdata)
    .constdata                               0x000028c0   Section       40  _printf_hex_int_ll_ptr.o(.constdata)
    lc_hextab                                0x000028d4   Data          20  _printf_hex_int_ll_ptr.o(.constdata)
    maptable                                 0x000028e8   Data          17  __printf_flags_ss_wp.o(.constdata)
    .constdata                               0x000028e8   Section       17  __printf_flags_ss_wp.o(.constdata)
    lc_hextab                                0x000028f9   Data          19  _printf_fp_hex.o(.constdata)
    .constdata                               0x000028f9   Section       38  _printf_fp_hex.o(.constdata)
    uc_hextab                                0x0000290c   Data          19  _printf_fp_hex.o(.constdata)
    tenpwrs_x                                0x00002920   Data          60  bigflt0.o(.constdata)
    .constdata                               0x00002920   Section      148  bigflt0.o(.constdata)
    tenpwrs_i                                0x0000295c   Data          64  bigflt0.o(.constdata)
    [Anonymous Symbol]                       0x000029b4   Section        0  main.o(.rodata.str1.1)
    locale$$data                             0x000029dc   Section       28  lc_numeric_c.o(locale$$data)
    __lcnum_c_name                           0x000029e0   Data           2  lc_numeric_c.o(locale$$data)
    __lcnum_c_start                          0x000029e8   Data           0  lc_numeric_c.o(locale$$data)
    __lcnum_c_point                          0x000029f4   Data           0  lc_numeric_c.o(locale$$data)
    __lcnum_c_thousands                      0x000029f6   Data           0  lc_numeric_c.o(locale$$data)
    __lcnum_c_grouping                       0x000029f7   Data           0  lc_numeric_c.o(locale$$data)
    __lcnum_c_end                            0x000029f8   Data           0  lc_numeric_c.o(locale$$data)
    locale$$data                             0x000029f8   Section      272  lc_ctype_c.o(locale$$data)
    __lcctype_c_name                         0x000029fc   Data           2  lc_ctype_c.o(locale$$data)
    __lcctype_c_start                        0x00002a04   Data           0  lc_ctype_c.o(locale$$data)
    __lcctype_c_end                          0x00002b08   Data           0  lc_ctype_c.o(locale$$data)
    .bss                                     0x1ffff000   Section       96  libspace.o(.bss)
    Heap_Mem                                 0x1ffff280   Data           0  startup_mkl25z4.o(HEAP)
    Stack_Mem                                0x1ffff280   Data         256  startup_mkl25z4.o(STACK)
    HEAP                                     0x1ffff280   Section        0  startup_mkl25z4.o(HEAP)
    STACK                                    0x1ffff280   Section      256  startup_mkl25z4.o(STACK)
    __initial_sp                             0x1ffff380   Data           0  startup_mkl25z4.o(STACK)

    Global Symbols

    Symbol Name                              Value     Ov Type        Size  Object(Section)

    BuildAttributes$$THM_ISAv3M$S$PE$A:L22$X:L11$S22$IEEE1$IW$~IW$USESV6$~STKCKD$USESV7$~SHL$OTIME$ROPI$IEEEJ$EBA8$UX$STANDARDLIB$REQ8$PRES8$EABIv2 0x00000000   Number         0  anon$$obj.o ABSOLUTE
    __Vectors                                0x00000000   Data           4  startup_mkl25z4.o(RESET)
    _printf_flags                            0x00000000   Number         0  printf_stubs.o ABSOLUTE
    _printf_return_value                     0x00000000   Number         0  printf_stubs.o ABSOLUTE
    _printf_sizespec                         0x00000000   Number         0  printf_stubs.o ABSOLUTE
    _printf_widthprec                        0x00000000   Number         0  printf_stubs.o ABSOLUTE
    __ARM_exceptions_init                     - Undefined Weak Reference
    __alloca_initialize                       - Undefined Weak Reference
    __arm_preinit_                            - Undefined Weak Reference
    __cpp_initialize__aeabi_                  - Undefined Weak Reference
    __cxa_finalize                            - Undefined Weak Reference
    __sigvec_lookup                           - Undefined Weak Reference
    _atexit_init                              - Undefined Weak Reference
    _call_atexit_fns                          - Undefined Weak Reference
    _clock_init                               - Undefined Weak Reference
    _fp_trap_init                             - Undefined Weak Reference
    _fp_trap_shutdown                         - Undefined Weak Reference
    _get_lc_collate                           - Undefined Weak Reference
    _get_lc_monetary                          - Undefined Weak Reference
    _get_lc_time                              - Undefined Weak Reference
    _getenv_init                              - Undefined Weak Reference
    _handle_redirection                       - Undefined Weak Reference
    _init_alloc                               - Undefined Weak Reference
    _init_user_alloc                          - Undefined Weak Reference
    _initio                                   - Undefined Weak Reference
    _printf_mbtowc                            - Undefined Weak Reference
    _printf_wc                                - Undefined Weak Reference
    _rand_init                                - Undefined Weak Reference
    _signal_finish                            - Undefined Weak Reference
    _signal_init                              - Undefined Weak Reference
    _terminate_alloc                          - Undefined Weak Reference
    _terminate_user_alloc                     - Undefined Weak Reference
    _terminateio                              - Undefined Weak Reference
    __Vectors_End                            0x000000c0   Data           0  startup_mkl25z4.o(RESET)
    __Vectors_Size                           0x000000c0   Number         0  startup_mkl25z4.o ABSOLUTE
    __main                                   0x000000c1   Thumb Code     8  __main.o(!!!main)
    __scatterload                            0x000000c9   Thumb Code     0  __scatter.o(!!!scatter)
    __scatterload_rt2                        0x000000c9   Thumb Code    52  __scatter.o(!!!scatter)
    __scatterload_rt2_thumb_only             0x000000c9   Thumb Code     0  __scatter.o(!!!scatter)
    __scatterload_null                       0x000000d9   Thumb Code     0  __scatter.o(!!!scatter)
    __scatterload_zeroinit                   0x00000105   Thumb Code    28  __scatter_zi.o(!!handler_zi)
    _printf_percent                          0x00000121   Thumb Code     0  _printf_percent.o(.ARM.Collect$$_printf_percent$$00000000)
    _printf_n                                0x00000123   Thumb Code     0  _printf_n.o(.ARM.Collect$$_printf_percent$$00000001)
    _printf_p                                0x0000012d   Thumb Code     0  _printf_p.o(.ARM.Collect$$_printf_percent$$00000002)
    _printf_f                                0x00000137   Thumb Code     0  _printf_f.o(.ARM.Collect$$_printf_percent$$00000003)
    _printf_e                                0x00000141   Thumb Code     0  _printf_e.o(.ARM.Collect$$_printf_percent$$00000004)
    _printf_g                                0x0000014b   Thumb Code     0  _printf_g.o(.ARM.Collect$$_printf_percent$$00000005)
    _printf_a                                0x00000155   Thumb Code     0  _printf_a.o(.ARM.Collect$$_printf_percent$$00000006)
    _printf_ll                               0x0000015f   Thumb Code     0  _printf_ll.o(.ARM.Collect$$_printf_percent$$00000007)
    _printf_i                                0x00000169   Thumb Code     0  _printf_i.o(.ARM.Collect$$_printf_percent$$00000008)
    _printf_d                                0x00000173   Thumb Code     0  _printf_d.o(.ARM.Collect$$_printf_percent$$00000009)
    _printf_u                                0x0000017d   Thumb Code     0  _printf_u.o(.ARM.Collect$$_printf_percent$$0000000A)
    _printf_o                                0x00000187   Thumb Code     0  _printf_o.o(.ARM.Collect$$_printf_percent$$0000000B)
    _printf_x                                0x00000191   Thumb Code     0  _printf_x.o(.ARM.Collect$$_printf_percent$$0000000C)
    _printf_lli                              0x0000019b   Thumb Code     0  _printf_lli.o(.ARM.Collect$$_printf_percent$$0000000D)
    _printf_lld                              0x000001a5   Thumb Code     0  _printf_lld.o(.ARM.Collect$$_printf_percent$$0000000E)
    _printf_llu                              0x000001af   Thumb Code     0  _printf_llu.o(.ARM.Collect$$_printf_percent$$0000000F)
    _printf_llo                              0x000001b9   Thumb Code     0  _printf_llo.o(.ARM.Collect$$_printf_percent$$00000010)
    _printf_llx                              0x000001c3   Thumb Code     0  _printf_llx.o(.ARM.Collect$$_printf_percent$$00000011)
    _printf_l                                0x000001cd   Thumb Code     0  _printf_l.o(.ARM.Collect$$_printf_percent$$00000012)
    _printf_c                                0x000001d7   Thumb Code     0  _printf_c.o(.ARM.Collect$$_printf_percent$$00000013)
    _printf_s                                0x000001e1   Thumb Code     0  _printf_s.o(.ARM.Collect$$_printf_percent$$00000014)
    _printf_lc                               0x000001eb   Thumb Code     0  _printf_lc.o(.ARM.Collect$$_printf_percent$$00000015)
    _printf_ls                               0x000001f5   Thumb Code     0  _printf_ls.o(.ARM.Collect$$_printf_percent$$00000016)
    _printf_percent_end                      0x000001ff   Thumb Code     0  _printf_percent_end.o(.ARM.Collect$$_printf_percent$$00000017)
    __rt_lib_init                            0x00000203   Thumb Code     0  libinit.o(.ARM.Collect$$libinit$$00000000)
    __rt_lib_init_fp_1                       0x00000205   Thumb Code     0  libinit2.o(.ARM.Collect$$libinit$$00000002)
    __rt_lib_init_heap_1                     0x00000205   Thumb Code     0  libinit2.o(.ARM.Collect$$libinit$$0000000A)
    __rt_lib_init_lc_common                  0x00000205   Thumb Code     0  libinit2.o(.ARM.Collect$$libinit$$0000000F)
    __rt_lib_init_preinit_1                  0x00000205   Thumb Code     0  libinit2.o(.ARM.Collect$$libinit$$00000004)
    __rt_lib_init_rand_1                     0x00000205   Thumb Code     0  libinit2.o(.ARM.Collect$$libinit$$0000000E)
    __rt_lib_init_user_alloc_1               0x00000205   Thumb Code     0  libinit2.o(.ARM.Collect$$libinit$$0000000C)
    __rt_lib_init_lc_collate_1               0x0000020b   Thumb Code     0  libinit2.o(.ARM.Collect$$libinit$$00000011)
    __rt_lib_init_lc_ctype_2                 0x0000020b   Thumb Code     0  libinit2.o(.ARM.Collect$$libinit$$00000012)
    __rt_lib_init_lc_ctype_1                 0x00000217   Thumb Code     0  libinit2.o(.ARM.Collect$$libinit$$00000013)
    __rt_lib_init_lc_monetary_1              0x00000217   Thumb Code     0  libinit2.o(.ARM.Collect$$libinit$$00000015)
    __rt_lib_init_lc_numeric_2               0x00000217   Thumb Code     0  libinit2.o(.ARM.Collect$$libinit$$00000016)
    __rt_lib_init_alloca_1                   0x00000221   Thumb Code     0  libinit2.o(.ARM.Collect$$libinit$$0000002E)
    __rt_lib_init_argv_1                     0x00000221   Thumb Code     0  libinit2.o(.ARM.Collect$$libinit$$0000002C)
    __rt_lib_init_atexit_1                   0x00000221   Thumb Code     0  libinit2.o(.ARM.Collect$$libinit$$0000001B)
    __rt_lib_init_clock_1                    0x00000221   Thumb Code     0  libinit2.o(.ARM.Collect$$libinit$$00000021)
    __rt_lib_init_cpp_1                      0x00000221   Thumb Code     0  libinit2.o(.ARM.Collect$$libinit$$00000032)
    __rt_lib_init_exceptions_1               0x00000221   Thumb Code     0  libinit2.o(.ARM.Collect$$libinit$$00000030)
    __rt_lib_init_fp_trap_1                  0x00000221   Thumb Code     0  libinit2.o(.ARM.Collect$$libinit$$0000001F)
    __rt_lib_init_getenv_1                   0x00000221   Thumb Code     0  libinit2.o(.ARM.Collect$$libinit$$00000023)
    __rt_lib_init_lc_numeric_1               0x00000221   Thumb Code     0  libinit2.o(.ARM.Collect$$libinit$$00000017)
    __rt_lib_init_lc_time_1                  0x00000221   Thumb Code     0  libinit2.o(.ARM.Collect$$libinit$$00000019)
    __rt_lib_init_return                     0x00000221   Thumb Code     0  libinit2.o(.ARM.Collect$$libinit$$00000033)
    __rt_lib_init_signal_1                   0x00000221   Thumb Code     0  libinit2.o(.ARM.Collect$$libinit$$0000001D)
    __rt_lib_init_stdio_1                    0x00000221   Thumb Code     0  libinit2.o(.ARM.Collect$$libinit$$00000025)
    __rt_lib_shutdown                        0x00000223   Thumb Code     0  libshutdown.o(.ARM.Collect$$libshutdown$$00000000)
    __rt_lib_shutdown_cpp_1                  0x00000225   Thumb Code     0  libshutdown2.o(.ARM.Collect$$libshutdown$$00000002)
    __rt_lib_shutdown_fp_trap_1              0x00000225   Thumb Code     0  libshutdown2.o(.ARM.Collect$$libshutdown$$00000007)
    __rt_lib_shutdown_heap_1                 0x00000225   Thumb Code     0  libshutdown2.o(.ARM.Collect$$libshutdown$$0000000F)
    __rt_lib_shutdown_return                 0x00000225   Thumb Code     0  libshutdown2.o(.ARM.Collect$$libshutdown$$00000010)
    __rt_lib_shutdown_signal_1               0x00000225   Thumb Code     0  libshutdown2.o(.ARM.Collect$$libshutdown$$0000000A)
    __rt_lib_shutdown_stdio_1                0x00000225   Thumb Code     0  libshutdown2.o(.ARM.Collect$$libshutdown$$00000004)
    __rt_lib_shutdown_user_alloc_1           0x00000225   Thumb Code     0  libshutdown2.o(.ARM.Collect$$libshutdown$$0000000C)
    __rt_entry                               0x00000227   Thumb Code     0  __rtentry.o(.ARM.Collect$$rtentry$$00000000)
    __rt_entry_presh_1                       0x00000227   Thumb Code     0  __rtentry2.o(.ARM.Collect$$rtentry$$00000002)
    __rt_entry_sh                            0x00000227   Thumb Code     0  __rtentry4.o(.ARM.Collect$$rtentry$$00000004)
    __rt_entry_li                            0x0000022d   Thumb Code     0  __rtentry2.o(.ARM.Collect$$rtentry$$0000000A)
    __rt_entry_postsh_1                      0x0000022d   Thumb Code     0  __rtentry2.o(.ARM.Collect$$rtentry$$00000009)
    __rt_entry_main                          0x00000231   Thumb Code     0  __rtentry2.o(.ARM.Collect$$rtentry$$0000000D)
    __rt_entry_postli_1                      0x00000231   Thumb Code     0  __rtentry2.o(.ARM.Collect$$rtentry$$0000000C)
    __rt_exit                                0x00000239   Thumb Code     0  rtexit.o(.ARM.Collect$$rtexit$$00000000)
    __rt_exit_ls                             0x0000023b   Thumb Code     0  rtexit2.o(.ARM.Collect$$rtexit$$00000003)
    __rt_exit_prels_1                        0x0000023b   Thumb Code     0  rtexit2.o(.ARM.Collect$$rtexit$$00000002)
    __rt_exit_exit                           0x0000023f   Thumb Code     0  rtexit2.o(.ARM.Collect$$rtexit$$00000004)
    Reset_Handler                            0x00000245   Thumb Code    12  startup_mkl25z4.o(.text)
    NMI_Handler                              0x00000251   Thumb Code     2  startup_mkl25z4.o(.text)
    HardFault_Handler                        0x00000253   Thumb Code     2  startup_mkl25z4.o(.text)
    SVC_Handler                              0x00000255   Thumb Code     2  startup_mkl25z4.o(.text)
    PendSV_Handler                           0x00000257   Thumb Code     2  startup_mkl25z4.o(.text)
    SysTick_Handler                          0x00000259   Thumb Code     2  startup_mkl25z4.o(.text)
    ADC0_IRQHandler                          0x0000025b   Thumb Code     0  startup_mkl25z4.o(.text)
    CMP0_IRQHandler                          0x0000025b   Thumb Code     0  startup_mkl25z4.o(.text)
    DAC0_IRQHandler                          0x0000025b   Thumb Code     0  startup_mkl25z4.o(.text)
    DMA0_IRQHandler                          0x0000025b   Thumb Code     0  startup_mkl25z4.o(.text)
    DMA1_IRQHandler                          0x0000025b   Thumb Code     0  startup_mkl25z4.o(.text)
    DMA2_IRQHandler                          0x0000025b   Thumb Code     0  startup_mkl25z4.o(.text)
    DMA3_IRQHandler                          0x0000025b   Thumb Code     0  startup_mkl25z4.o(.text)
    DefaultISR                               0x0000025b   Thumb Code     0  startup_mkl25z4.o(.text)
    FTFA_IRQHandler                          0x0000025b   Thumb Code     0  startup_mkl25z4.o(.text)
    I2C0_IRQHandler                          0x0000025b   Thumb Code     0  startup_mkl25z4.o(.text)
    I2C1_IRQHandler                          0x0000025b   Thumb Code     0  startup_mkl25z4.o(.text)
    LLWU_IRQHandler                          0x0000025b   Thumb Code     0  startup_mkl25z4.o(.text)
    LPTMR0_IRQHandler                        0x0000025b   Thumb Code     0  startup_mkl25z4.o(.text)
    LVD_LVW_IRQHandler                       0x0000025b   Thumb Code     0  startup_mkl25z4.o(.text)
    MCG_IRQHandler                           0x0000025b   Thumb Code     0  startup_mkl25z4.o(.text)
    PIT_IRQHandler                           0x0000025b   Thumb Code     0  startup_mkl25z4.o(.text)
    PORTA_IRQHandler                         0x0000025b   Thumb Code     0  startup_mkl25z4.o(.text)
    PORTD_IRQHandler                         0x0000025b   Thumb Code     0  startup_mkl25z4.o(.text)
    RTC_IRQHandler                           0x0000025b   Thumb Code     0  startup_mkl25z4.o(.text)
    RTC_Seconds_IRQHandler                   0x0000025b   Thumb Code     0  startup_mkl25z4.o(.text)
    Reserved20_IRQHandler                    0x0000025b   Thumb Code     0  startup_mkl25z4.o(.text)
    Reserved39_IRQHandler                    0x0000025b   Thumb Code     0  startup_mkl25z4.o(.text)
    Reserved45_IRQHandler                    0x0000025b   Thumb Code     0  startup_mkl25z4.o(.text)
    SPI0_IRQHandler                          0x0000025b   Thumb Code     0  startup_mkl25z4.o(.text)
    SPI1_IRQHandler                          0x0000025b   Thumb Code     0  startup_mkl25z4.o(.text)
    TPM0_IRQHandler                          0x0000025b   Thumb Code     0  startup_mkl25z4.o(.text)
    TPM1_IRQHandler                          0x0000025b   Thumb Code     0  startup_mkl25z4.o(.text)
    TPM2_IRQHandler                          0x0000025b   Thumb Code     0  startup_mkl25z4.o(.text)
    TSI0_IRQHandler                          0x0000025b   Thumb Code     0  startup_mkl25z4.o(.text)
    UART0_IRQHandler                         0x0000025b   Thumb Code     0  startup_mkl25z4.o(.text)
    UART2_IRQHandler                         0x0000025b   Thumb Code     0  startup_mkl25z4.o(.text)
    USB0_IRQHandler                          0x0000025b   Thumb Code     0  startup_mkl25z4.o(.text)
    __user_initial_stackheap                 0x00000261   Thumb Code     0  startup_mkl25z4.o(.text)
    sprintf                                  0x00000285   Thumb Code    40  sprintf.o(.text)
    __use_two_region_memory                  0x000002b1   Thumb Code     2  heapauxi.o(.text)
    __rt_heap_escrow$2region                 0x000002b3   Thumb Code     2  heapauxi.o(.text)
    __rt_heap_expand$2region                 0x000002b5   Thumb Code     2  heapauxi.o(.text)
    __aeabi_d2uiz                            0x000002b9   Thumb Code     0  dfixui.o(.text)
    _dfixu                                   0x000002b9   Thumb Code    68  dfixui.o(.text)
    __aeabi_i2d_normalise                    0x00000301   Thumb Code    66  dflti.o(.text)
    __aeabi_i2d                              0x00000343   Thumb Code    16  dflti.o(.text)
    _dflt                                    0x00000343   Thumb Code     0  dflti.o(.text)
    __aeabi_ui2d                             0x00000353   Thumb Code     6  dflti.o(.text)
    _dfltu                                   0x00000353   Thumb Code     0  dflti.o(.text)
    _printf_pre_padding                      0x00000359   Thumb Code    44  _printf_pad.o(.text)
    _printf_post_padding                     0x00000385   Thumb Code    34  _printf_pad.o(.text)
    _printf_truncate_signed                  0x000003a7   Thumb Code    18  _printf_truncate.o(.text)
    _printf_truncate_unsigned                0x000003b9   Thumb Code    18  _printf_truncate.o(.text)
    _printf_charcount                        0x000003cb   Thumb Code    38  _printf_charcount.o(.text)
    _sputc                                   0x000003f1   Thumb Code    10  _sputc.o(.text)
    __I$use$semihosting                      0x000003fb   Thumb Code     0  use_no_semi.o(.text)
    __use_no_semihosting_swi                 0x000003fb   Thumb Code     2  use_no_semi.o(.text)
    __I$use$fp                               0x000003fc   Number         0  usenofp.o(x$fpl$usenofp)
    __semihosting_library_function           0x000003fd   Thumb Code     0  indicate_semi.o(.text)
    __aeabi_uidivmod                         0x00000411   Thumb Code    28  aeabi_sdivfast.o(.text)
    __aeabi_idivmod                          0x0000042d   Thumb Code   472  aeabi_sdivfast.o(.text)
    __aeabi_ddiv                             0x00000609   Thumb Code     0  ddiv.o(.text)
    _ddiv                                    0x00000609   Thumb Code  1072  ddiv.o(.text)
    _drdiv                                   0x00000a39   Thumb Code    20  ddiv.o(.text)
    _printf_str                              0x00000a51   Thumb Code    82  _printf_str.o(.text)
    _printf_int_dec                          0x00000aa5   Thumb Code    90  _printf_dec.o(.text)
    _printf_char_common                      0x00000b1b   Thumb Code    32  _printf_char_common.o(.text)
    _printf_wctomb                           0x00000b41   Thumb Code   182  _printf_wctomb.o(.text)
    _printf_longlong_dec                     0x00000bfd   Thumb Code    94  _printf_longlong_dec.o(.text)
    _printf_longlong_oct                     0x00000c6d   Thumb Code    68  _printf_oct_int_ll.o(.text)
    _printf_int_oct                          0x00000cb1   Thumb Code    24  _printf_oct_int_ll.o(.text)
    _printf_ll_oct                           0x00000cc9   Thumb Code    10  _printf_oct_int_ll.o(.text)
    _printf_longlong_hex                     0x00000cdd   Thumb Code    88  _printf_hex_int_ll_ptr.o(.text)
    _printf_int_hex                          0x00000d35   Thumb Code    28  _printf_hex_int_ll_ptr.o(.text)
    _printf_ll_hex                           0x00000d51   Thumb Code    10  _printf_hex_int_ll_ptr.o(.text)
    _printf_hex_ptr                          0x00000d5b   Thumb Code    22  _printf_hex_int_ll_ptr.o(.text)
    __printf                                 0x00000d75   Thumb Code   386  __printf_flags_ss_wp.o(.text)
    _ll_udiv10                               0x00000efd   Thumb Code   122  lludiv10.o(.text)
    _printf_int_common                       0x00000f77   Thumb Code   176  _printf_intcommon.o(.text)
    _printf_fp_dec_real                      0x000011c5   Thumb Code   620  _printf_fp_dec.o(.text)
    _printf_fp_hex_real                      0x0000143d   Thumb Code   718  _printf_fp_hex.o(.text)
    _printf_cs_common                        0x00001715   Thumb Code    22  _printf_char.o(.text)
    _printf_char                             0x0000172b   Thumb Code    16  _printf_char.o(.text)
    _printf_string                           0x0000173b   Thumb Code     8  _printf_char.o(.text)
    _printf_lcs_common                       0x00001743   Thumb Code    22  _printf_wchar.o(.text)
    _printf_wchar                            0x00001759   Thumb Code    16  _printf_wchar.o(.text)
    _printf_wstring                          0x00001769   Thumb Code     8  _printf_wchar.o(.text)
    _c16rtomb                                0x00001771   Thumb Code    66  _c16rtomb.o(.text)
    _wcrtomb                                 0x00001771   Thumb Code     0  _c16rtomb.o(.text)
    __rt_udiv10                              0x000017b3   Thumb Code    40  rtudiv10.o(.text)
    __user_setup_stackheap                   0x000017db   Thumb Code    62  sys_stackheap_outer.o(.text)
    __rt_ctype_table                         0x00001819   Thumb Code    16  rt_ctype_table.o(.text)
    __rt_locale                              0x00001829   Thumb Code     8  rt_locale_intlibspace.o(.text)
    _printf_fp_infnan                        0x00001831   Thumb Code   120  _printf_fp_infnan.o(.text)
    _btod_etento                             0x000018b9   Thumb Code   210  bigflt0.o(.text)
    _btod_d2e                                0x00001991   Thumb Code    64  btod.o(.text)
    _btod_emul                               0x00001dc5   Thumb Code    28  btod.o(.text)
    _btod_emuld                              0x00001de1   Thumb Code   144  btod.o(.text)
    _btod_ediv                               0x00001e71   Thumb Code    26  btod.o(.text)
    _btod_edivd                              0x00001e8b   Thumb Code   124  btod.o(.text)
    exit                                     0x00001f11   Thumb Code    16  exit.o(.text)
    __user_libspace                          0x00001f21   Thumb Code     8  libspace.o(.text)
    __user_perproc_libspace                  0x00001f21   Thumb Code     0  libspace.o(.text)
    __user_perthread_libspace                0x00001f21   Thumb Code     0  libspace.o(.text)
    strcmp                                   0x00001f29   Thumb Code   176  strcmpv6m.o(.text)
    _sys_exit                                0x00001fd9   Thumb Code     8  sys_exit.o(.text)
    Clear_LCD                                0x00001fe5   Thumb Code    18  lcd_4bit.o(.text.Clear_LCD)
    Delay                                    0x00001ff9   Thumb Code    32  delay.o(.text.Delay)
    Get_Char                                 0x0000201d   Thumb Code    12  uart.o(.text.Get_Char)
    Get_Num_Rx_Chars_Available               0x00002029   Thumb Code    12  uart.o(.text.Get_Num_Rx_Chars_Available)
    Init_5way_Switch                         0x00002035   Thumb Code    68  switches.o(.text.Init_5way_Switch)
    Init_LCD                                 0x00002095   Thumb Code   132  lcd_4bit.o(.text.Init_LCD)
    Init_UART1                               0x00002129   Thumb Code   180  uart.o(.text.Init_UART1)
    Print_LCD                                0x00002209   Thumb Code    36  lcd_4bit.o(.text.Print_LCD)
    Q_Dequeue                                0x0000222d   Thumb Code    78  queue.o(.text.Q_Dequeue)
    Q_Empty                                  0x0000227b   Thumb Code    20  queue.o(.text.Q_Empty)
    Q_Enqueue                                0x0000228f   Thumb Code    74  queue.o(.text.Q_Enqueue)
    Q_Full                                   0x000022d9   Thumb Code    26  queue.o(.text.Q_Full)
    Q_Init                                   0x000022f3   Thumb Code    66  queue.o(.text.Q_Init)
    Q_Size                                   0x00002335   Thumb Code    16  queue.o(.text.Q_Size)
    Set_Cursor                               0x00002345   Thumb Code    42  lcd_4bit.o(.text.Set_Cursor)
    SystemInit                               0x00002371   Thumb Code     8  system_mkl25z4.o(.text.SystemInit)
    UART1_IRQHandler                         0x0000237d   Thumb Code   148  uart.o(.text.UART1_IRQHandler)
    lcd_init_port                            0x00002509   Thumb Code    48  lcd_4bit.o(.text.lcd_init_port)
    lcd_putchar                              0x00002559   Thumb Code    20  lcd_4bit.o(.text.lcd_putchar)
    lcd_write_4bit                           0x000025f9   Thumb Code    64  lcd_4bit.o(.text.lcd_write_4bit)
    lcd_write_cmd                            0x00002641   Thumb Code    44  lcd_4bit.o(.text.lcd_write_cmd)
    main                                     0x000026a1   Thumb Code   148  main.o(.text.main)
    wait_while_busy                          0x00002741   Thumb Code    20  lcd_4bit.o(.text.wait_while_busy)
    __ARM_common_ll_muluu                    0x00002755   Thumb Code    48  btod.o(i.__ARM_common_ll_muluu)
    __ARM_fpclassify                         0x00002785   Thumb Code    40  fpclassify.o(i.__ARM_fpclassify)
    _is_digit                                0x000027b1   Thumb Code    14  __printf_wp.o(i._is_digit)
    _get_lc_numeric                          0x000027c1   Thumb Code    44  lc_numeric_c.o(locale$$code)
    _get_lc_ctype                            0x000027ed   Thumb Code    44  lc_ctype_c.o(locale$$code)
    _printf_fp_dec                           0x00002819   Thumb Code    16  printf1.o(x$fpl$printf1)
    _printf_fp_hex                           0x00002829   Thumb Code    16  printf2.o(x$fpl$printf2)
    Region$$Table$$Base                      0x000029cc   Number         0  anon$$obj.o(Region$$Table)
    Region$$Table$$Limit                     0x000029dc   Number         0  anon$$obj.o(Region$$Table)
    __ctype                                  0x00002a05   Data           0  lc_ctype_c.o(locale$$data)
    __libspace_start                         0x1ffff000   Data          96  libspace.o(.bss)
    CR_received                              0x1ffff060   Data           1  uart.o(.bss.CR_received)
    __temporary_stack_top$libspace           0x1ffff060   Data           0  libspace.o(.bss)
    RxQ                                      0x1ffff064   Data         268  uart.o(.bss.RxQ)
    TxQ                                      0x1ffff170   Data         268  uart.o(.bss.TxQ)



==============================================================================

Memory Map of the image

  Image Entry point : 0x00000245

  Load Region LR_1 (Base: 0x00000000, Size: 0x00002b08, Max: 0xffffffff, ABSOLUTE)

    Execution Region ER_RO (Exec base: 0x00000000, Load base: 0x00000000, Size: 0x00002b08, Max: 0xffffffff, ABSOLUTE)

    Exec Addr    Load Addr    Size         Type   Attr      Idx    E Section Name        Object

    0x00000000   0x00000000   0x000000c0   Data   RO          108    RESET               startup_mkl25z4.o
    0x000000c0   0x000000c0   0x00000008   Code   RO          144  * !!!main             c_p.l(__main.o)
    0x000000c8   0x000000c8   0x0000003c   Code   RO          482    !!!scatter          c_p.l(__scatter.o)
    0x00000104   0x00000104   0x0000001c   Code   RO          484    !!handler_zi        c_p.l(__scatter_zi.o)
    0x00000120   0x00000120   0x00000002   Code   RO          239    .ARM.Collect$$_printf_percent$$00000000  c_p.l(_printf_percent.o)
    0x00000122   0x00000122   0x0000000a   Code   RO          228    .ARM.Collect$$_printf_percent$$00000001  c_p.l(_printf_n.o)
    0x0000012c   0x0000012c   0x0000000a   Code   RO          230    .ARM.Collect$$_printf_percent$$00000002  c_p.l(_printf_p.o)
    0x00000136   0x00000136   0x0000000a   Code   RO          235    .ARM.Collect$$_printf_percent$$00000003  c_p.l(_printf_f.o)
    0x00000140   0x00000140   0x0000000a   Code   RO          236    .ARM.Collect$$_printf_percent$$00000004  c_p.l(_printf_e.o)
    0x0000014a   0x0000014a   0x0000000a   Code   RO          237    .ARM.Collect$$_printf_percent$$00000005  c_p.l(_printf_g.o)
    0x00000154   0x00000154   0x0000000a   Code   RO          238    .ARM.Collect$$_printf_percent$$00000006  c_p.l(_printf_a.o)
    0x0000015e   0x0000015e   0x0000000a   Code   RO          243    .ARM.Collect$$_printf_percent$$00000007  c_p.l(_printf_ll.o)
    0x00000168   0x00000168   0x0000000a   Code   RO          232    .ARM.Collect$$_printf_percent$$00000008  c_p.l(_printf_i.o)
    0x00000172   0x00000172   0x0000000a   Code   RO          233    .ARM.Collect$$_printf_percent$$00000009  c_p.l(_printf_d.o)
    0x0000017c   0x0000017c   0x0000000a   Code   RO          234    .ARM.Collect$$_printf_percent$$0000000A  c_p.l(_printf_u.o)
    0x00000186   0x00000186   0x0000000a   Code   RO          231    .ARM.Collect$$_printf_percent$$0000000B  c_p.l(_printf_o.o)
    0x00000190   0x00000190   0x0000000a   Code   RO          229    .ARM.Collect$$_printf_percent$$0000000C  c_p.l(_printf_x.o)
    0x0000019a   0x0000019a   0x0000000a   Code   RO          240    .ARM.Collect$$_printf_percent$$0000000D  c_p.l(_printf_lli.o)
    0x000001a4   0x000001a4   0x0000000a   Code   RO          241    .ARM.Collect$$_printf_percent$$0000000E  c_p.l(_printf_lld.o)
    0x000001ae   0x000001ae   0x0000000a   Code   RO          242    .ARM.Collect$$_printf_percent$$0000000F  c_p.l(_printf_llu.o)
    0x000001b8   0x000001b8   0x0000000a   Code   RO          247    .ARM.Collect$$_printf_percent$$00000010  c_p.l(_printf_llo.o)
    0x000001c2   0x000001c2   0x0000000a   Code   RO          248    .ARM.Collect$$_printf_percent$$00000011  c_p.l(_printf_llx.o)
    0x000001cc   0x000001cc   0x0000000a   Code   RO          244    .ARM.Collect$$_printf_percent$$00000012  c_p.l(_printf_l.o)
    0x000001d6   0x000001d6   0x0000000a   Code   RO          226    .ARM.Collect$$_printf_percent$$00000013  c_p.l(_printf_c.o)
    0x000001e0   0x000001e0   0x0000000a   Code   RO          227    .ARM.Collect$$_printf_percent$$00000014  c_p.l(_printf_s.o)
    0x000001ea   0x000001ea   0x0000000a   Code   RO          245    .ARM.Collect$$_printf_percent$$00000015  c_p.l(_printf_lc.o)
    0x000001f4   0x000001f4   0x0000000a   Code   RO          246    .ARM.Collect$$_printf_percent$$00000016  c_p.l(_printf_ls.o)
    0x000001fe   0x000001fe   0x00000004   Code   RO          292    .ARM.Collect$$_printf_percent$$00000017  c_p.l(_printf_percent_end.o)
    0x00000202   0x00000202   0x00000002   Code   RO          332    .ARM.Collect$$libinit$$00000000  c_p.l(libinit.o)
    0x00000204   0x00000204   0x00000000   Code   RO          357    .ARM.Collect$$libinit$$00000002  c_p.l(libinit2.o)
    0x00000204   0x00000204   0x00000000   Code   RO          359    .ARM.Collect$$libinit$$00000004  c_p.l(libinit2.o)
    0x00000204   0x00000204   0x00000000   Code   RO          362    .ARM.Collect$$libinit$$0000000A  c_p.l(libinit2.o)
    0x00000204   0x00000204   0x00000000   Code   RO          364    .ARM.Collect$$libinit$$0000000C  c_p.l(libinit2.o)
    0x00000204   0x00000204   0x00000000   Code   RO          366    .ARM.Collect$$libinit$$0000000E  c_p.l(libinit2.o)
    0x00000204   0x00000204   0x00000006   Code   RO          367    .ARM.Collect$$libinit$$0000000F  c_p.l(libinit2.o)
    0x0000020a   0x0000020a   0x00000000   Code   RO          369    .ARM.Collect$$libinit$$00000011  c_p.l(libinit2.o)
    0x0000020a   0x0000020a   0x0000000c   Code   RO          370    .ARM.Collect$$libinit$$00000012  c_p.l(libinit2.o)
    0x00000216   0x00000216   0x00000000   Code   RO          371    .ARM.Collect$$libinit$$00000013  c_p.l(libinit2.o)
    0x00000216   0x00000216   0x00000000   Code   RO          373    .ARM.Collect$$libinit$$00000015  c_p.l(libinit2.o)
    0x00000216   0x00000216   0x0000000a   Code   RO          374    .ARM.Collect$$libinit$$00000016  c_p.l(libinit2.o)
    0x00000220   0x00000220   0x00000000   Code   RO          375    .ARM.Collect$$libinit$$00000017  c_p.l(libinit2.o)
    0x00000220   0x00000220   0x00000000   Code   RO          377    .ARM.Collect$$libinit$$00000019  c_p.l(libinit2.o)
    0x00000220   0x00000220   0x00000000   Code   RO          379    .ARM.Collect$$libinit$$0000001B  c_p.l(libinit2.o)
    0x00000220   0x00000220   0x00000000   Code   RO          381    .ARM.Collect$$libinit$$0000001D  c_p.l(libinit2.o)
    0x00000220   0x00000220   0x00000000   Code   RO          383    .ARM.Collect$$libinit$$0000001F  c_p.l(libinit2.o)
    0x00000220   0x00000220   0x00000000   Code   RO          385    .ARM.Collect$$libinit$$00000021  c_p.l(libinit2.o)
    0x00000220   0x00000220   0x00000000   Code   RO          387    .ARM.Collect$$libinit$$00000023  c_p.l(libinit2.o)
    0x00000220   0x00000220   0x00000000   Code   RO          389    .ARM.Collect$$libinit$$00000025  c_p.l(libinit2.o)
    0x00000220   0x00000220   0x00000000   Code   RO          393    .ARM.Collect$$libinit$$0000002C  c_p.l(libinit2.o)
    0x00000220   0x00000220   0x00000000   Code   RO          395    .ARM.Collect$$libinit$$0000002E  c_p.l(libinit2.o)
    0x00000220   0x00000220   0x00000000   Code   RO          397    .ARM.Collect$$libinit$$00000030  c_p.l(libinit2.o)
    0x00000220   0x00000220   0x00000000   Code   RO          399    .ARM.Collect$$libinit$$00000032  c_p.l(libinit2.o)
    0x00000220   0x00000220   0x00000002   Code   RO          400    .ARM.Collect$$libinit$$00000033  c_p.l(libinit2.o)
    0x00000222   0x00000222   0x00000002   Code   RO          437    .ARM.Collect$$libshutdown$$00000000  c_p.l(libshutdown.o)
    0x00000224   0x00000224   0x00000000   Code   RO          465    .ARM.Collect$$libshutdown$$00000002  c_p.l(libshutdown2.o)
    0x00000224   0x00000224   0x00000000   Code   RO          467    .ARM.Collect$$libshutdown$$00000004  c_p.l(libshutdown2.o)
    0x00000224   0x00000224   0x00000000   Code   RO          470    .ARM.Collect$$libshutdown$$00000007  c_p.l(libshutdown2.o)
    0x00000224   0x00000224   0x00000000   Code   RO          473    .ARM.Collect$$libshutdown$$0000000A  c_p.l(libshutdown2.o)
    0x00000224   0x00000224   0x00000000   Code   RO          475    .ARM.Collect$$libshutdown$$0000000C  c_p.l(libshutdown2.o)
    0x00000224   0x00000224   0x00000000   Code   RO          478    .ARM.Collect$$libshutdown$$0000000F  c_p.l(libshutdown2.o)
    0x00000224   0x00000224   0x00000002   Code   RO          479    .ARM.Collect$$libshutdown$$00000010  c_p.l(libshutdown2.o)
    0x00000226   0x00000226   0x00000000   Code   RO          153    .ARM.Collect$$rtentry$$00000000  c_p.l(__rtentry.o)
    0x00000226   0x00000226   0x00000000   Code   RO          259    .ARM.Collect$$rtentry$$00000002  c_p.l(__rtentry2.o)
    0x00000226   0x00000226   0x00000006   Code   RO          271    .ARM.Collect$$rtentry$$00000004  c_p.l(__rtentry4.o)
    0x0000022c   0x0000022c   0x00000000   Code   RO          261    .ARM.Collect$$rtentry$$00000009  c_p.l(__rtentry2.o)
    0x0000022c   0x0000022c   0x00000004   Code   RO          262    .ARM.Collect$$rtentry$$0000000A  c_p.l(__rtentry2.o)
    0x00000230   0x00000230   0x00000000   Code   RO          264    .ARM.Collect$$rtentry$$0000000C  c_p.l(__rtentry2.o)
    0x00000230   0x00000230   0x00000008   Code   RO          265    .ARM.Collect$$rtentry$$0000000D  c_p.l(__rtentry2.o)
    0x00000238   0x00000238   0x00000002   Code   RO          341    .ARM.Collect$$rtexit$$00000000  c_p.l(rtexit.o)
    0x0000023a   0x0000023a   0x00000000   Code   RO          406    .ARM.Collect$$rtexit$$00000002  c_p.l(rtexit2.o)
    0x0000023a   0x0000023a   0x00000004   Code   RO          407    .ARM.Collect$$rtexit$$00000003  c_p.l(rtexit2.o)
    0x0000023e   0x0000023e   0x00000006   Code   RO          408    .ARM.Collect$$rtexit$$00000004  c_p.l(rtexit2.o)
    0x00000244   0x00000244   0x00000040   Code   RO          110  * .text               startup_mkl25z4.o
    0x00000284   0x00000284   0x0000002c   Code   RO          132    .text               c_p.l(sprintf.o)
    0x000002b0   0x000002b0   0x00000006   Code   RO          142    .text               c_p.l(heapauxi.o)
    0x000002b6   0x000002b6   0x00000002   PAD
    0x000002b8   0x000002b8   0x00000048   Code   RO          149    .text               fz_ps.l(dfixui.o)
    0x00000300   0x00000300   0x00000058   Code   RO          151    .text               fz_ps.l(dflti.o)
    0x00000358   0x00000358   0x0000004e   Code   RO          160    .text               c_p.l(_printf_pad.o)
    0x000003a6   0x000003a6   0x00000024   Code   RO          162    .text               c_p.l(_printf_truncate.o)
    0x000003ca   0x000003ca   0x00000026   Code   RO          168    .text               c_p.l(_printf_charcount.o)
    0x000003f0   0x000003f0   0x0000000a   Code   RO          172    .text               c_p.l(_sputc.o)
    0x000003fa   0x000003fa   0x00000002   Code   RO          426    .text               c_p.l(use_no_semi.o)
    0x000003fc   0x000003fc   0x00000000   Code   RO          428    .text               c_p.l(indicate_semi.o)
    0x000003fc   0x000003fc   0x00000000   Code   RO          257    x$fpl$usenofp       fz_ps.l(usenofp.o)
    0x000003fc   0x000003fc   0x00000004   PAD
    0x00000400   0x00000400   0x00000010   Code   RO          109    .ARM.__at_0x400     startup_mkl25z4.o
    0x00000410   0x00000410   0x000001f8   Code   RO          134    .text               c_p.l(aeabi_sdivfast.o)
    0x00000608   0x00000608   0x00000448   Code   RO          146    .text               fz_ps.l(ddiv.o)
    0x00000a50   0x00000a50   0x00000052   Code   RO          164    .text               c_p.l(_printf_str.o)
    0x00000aa2   0x00000aa2   0x00000002   PAD
    0x00000aa4   0x00000aa4   0x0000006c   Code   RO          166    .text               c_p.l(_printf_dec.o)
    0x00000b10   0x00000b10   0x00000030   Code   RO          170    .text               c_p.l(_printf_char_common.o)
    0x00000b40   0x00000b40   0x000000bc   Code   RO          174    .text               c_p.l(_printf_wctomb.o)
    0x00000bfc   0x00000bfc   0x00000070   Code   RO          177    .text               c_p.l(_printf_longlong_dec.o)
    0x00000c6c   0x00000c6c   0x00000070   Code   RO          183    .text               c_p.l(_printf_oct_int_ll.o)
    0x00000cdc   0x00000cdc   0x00000098   Code   RO          203    .text               c_p.l(_printf_hex_int_ll_ptr.o)
    0x00000d74   0x00000d74   0x00000188   Code   RO          223    .text               c_p.l(__printf_flags_ss_wp.o)
    0x00000efc   0x00000efc   0x0000007a   Code   RO          275    .text               c_p.l(lludiv10.o)
    0x00000f76   0x00000f76   0x000000b0   Code   RO          277    .text               c_p.l(_printf_intcommon.o)
    0x00001026   0x00001026   0x00000002   PAD
    0x00001028   0x00001028   0x00000414   Code   RO          279    .text               c_p.l(_printf_fp_dec.o)
    0x0000143c   0x0000143c   0x000002d8   Code   RO          283    .text               c_p.l(_printf_fp_hex.o)
    0x00001714   0x00001714   0x0000002e   Code   RO          288    .text               c_p.l(_printf_char.o)
    0x00001742   0x00001742   0x0000002e   Code   RO          290    .text               c_p.l(_printf_wchar.o)
    0x00001770   0x00001770   0x00000042   Code   RO          293    .text               c_p.l(_c16rtomb.o)
    0x000017b2   0x000017b2   0x00000028   Code   RO          295    .text               c_p.l(rtudiv10.o)
    0x000017da   0x000017da   0x0000003e   Code   RO          297    .text               c_p.l(sys_stackheap_outer.o)
    0x00001818   0x00001818   0x00000010   Code   RO          300    .text               c_p.l(rt_ctype_table.o)
    0x00001828   0x00001828   0x00000008   Code   RO          305    .text               c_p.l(rt_locale_intlibspace.o)
    0x00001830   0x00001830   0x00000088   Code   RO          307    .text               c_p.l(_printf_fp_infnan.o)
    0x000018b8   0x000018b8   0x000000d8   Code   RO          309    .text               c_p.l(bigflt0.o)
    0x00001990   0x00001990   0x00000580   Code   RO          312    .text               c_p.l(btod.o)
    0x00001f10   0x00001f10   0x00000010   Code   RO          321    .text               c_p.l(exit.o)
    0x00001f20   0x00001f20   0x00000008   Code   RO          337    .text               c_p.l(libspace.o)
    0x00001f28   0x00001f28   0x000000b0   Code   RO          354    .text               c_p.l(strcmpv6m.o)
    0x00001fd8   0x00001fd8   0x0000000c   Code   RO          401    .text               c_p.l(sys_exit.o)
    0x00001fe4   0x00001fe4   0x00000012   Code   RO           29    .text.Clear_LCD     lcd_4bit.o
    0x00001ff6   0x00001ff6   0x00000002   PAD
    0x00001ff8   0x00001ff8   0x00000024   Code   RO            2    .text.Delay         delay.o
    0x0000201c   0x0000201c   0x0000000c   Code   RO           68    .text.Get_Char      uart.o
    0x00002028   0x00002028   0x0000000c   Code   RO           66    .text.Get_Num_Rx_Chars_Available  uart.o
    0x00002034   0x00002034   0x00000060   Code   RO           99    .text.Init_5way_Switch  switches.o
    0x00002094   0x00002094   0x00000094   Code   RO           25    .text.Init_LCD      lcd_4bit.o
    0x00002128   0x00002128   0x000000e0   Code   RO           50    .text.Init_UART1    uart.o
    0x00002208   0x00002208   0x00000024   Code   RO           31    .text.Print_LCD     lcd_4bit.o
    0x0000222c   0x0000222c   0x0000004e   Code   RO           88    .text.Q_Dequeue     queue.o
    0x0000227a   0x0000227a   0x00000014   Code   RO           80    .text.Q_Empty       queue.o
    0x0000228e   0x0000228e   0x0000004a   Code   RO           86    .text.Q_Enqueue     queue.o
    0x000022d8   0x000022d8   0x0000001a   Code   RO           82    .text.Q_Full        queue.o
    0x000022f2   0x000022f2   0x00000042   Code   RO           90    .text.Q_Init        queue.o
    0x00002334   0x00002334   0x00000010   Code   RO           84    .text.Q_Size        queue.o
    0x00002344   0x00002344   0x0000002a   Code   RO           27    .text.Set_Cursor    lcd_4bit.o
    0x0000236e   0x0000236e   0x00000002   PAD
    0x00002370   0x00002370   0x0000000c   Code   RO          119    .text.SystemInit    system_mkl25z4.o
    0x0000237c   0x0000237c   0x000000ac   Code   RO           62    .text.UART1_IRQHandler  uart.o
    0x00002428   0x00002428   0x0000002c   Code   RO           54    .text.__NVIC_ClearPendingIRQ  uart.o
    0x00002454   0x00002454   0x0000002c   Code   RO           56    .text.__NVIC_EnableIRQ  uart.o
    0x00002480   0x00002480   0x00000088   Code   RO           52    .text.__NVIC_SetPriority  uart.o
    0x00002508   0x00002508   0x00000050   Code   RO           23    .text.lcd_init_port  lcd_4bit.o
    0x00002558   0x00002558   0x00000014   Code   RO           19    .text.lcd_putchar   lcd_4bit.o
    0x0000256c   0x0000256c   0x0000008c   Code   RO           13    .text.lcd_read_status  lcd_4bit.o
    0x000025f8   0x000025f8   0x00000048   Code   RO           15    .text.lcd_write_4bit  lcd_4bit.o
    0x00002640   0x00002640   0x00000030   Code   RO           17    .text.lcd_write_cmd  lcd_4bit.o
    0x00002670   0x00002670   0x00000030   Code   RO           21    .text.lcd_write_data  lcd_4bit.o
    0x000026a0   0x000026a0   0x000000a0   Code   RO           40    .text.main          main.o
    0x00002740   0x00002740   0x00000014   Code   RO           11    .text.wait_while_busy  lcd_4bit.o
    0x00002754   0x00002754   0x00000030   Code   RO          314    i.__ARM_common_ll_muluu  c_p.l(btod.o)
    0x00002784   0x00002784   0x0000002c   Code   RO          335    i.__ARM_fpclassify  m_ps.l(fpclassify.o)
    0x000027b0   0x000027b0   0x0000000e   Code   RO          216    i._is_digit         c_p.l(__printf_wp.o)
    0x000027be   0x000027be   0x00000002   PAD
    0x000027c0   0x000027c0   0x0000002c   Code   RO          319    locale$$code        c_p.l(lc_numeric_c.o)
    0x000027ec   0x000027ec   0x0000002c   Code   RO          348    locale$$code        c_p.l(lc_ctype_c.o)
    0x00002818   0x00002818   0x00000010   Code   RO          249    x$fpl$printf1       fz_ps.l(printf1.o)
    0x00002828   0x00002828   0x00000010   Code   RO          251    x$fpl$printf2       fz_ps.l(printf2.o)
    0x00002838   0x00002838   0x00000080   Data   RO          147    .constdata          fz_ps.l(ddiv.o)
    0x000028b8   0x000028b8   0x00000008   Data   RO          175    .constdata          c_p.l(_printf_wctomb.o)
    0x000028c0   0x000028c0   0x00000028   Data   RO          204    .constdata          c_p.l(_printf_hex_int_ll_ptr.o)
    0x000028e8   0x000028e8   0x00000011   Data   RO          224    .constdata          c_p.l(__printf_flags_ss_wp.o)
    0x000028f9   0x000028f9   0x00000026   Data   RO          284    .constdata          c_p.l(_printf_fp_hex.o)
    0x0000291f   0x0000291f   0x00000001   PAD
    0x00002920   0x00002920   0x00000094   Data   RO          310    .constdata          c_p.l(bigflt0.o)
    0x000029b4   0x000029b4   0x00000016   Data   RO           42    .rodata.str1.1      main.o
    0x000029ca   0x000029ca   0x00000002   PAD
    0x000029cc   0x000029cc   0x00000010   Data   RO          481    Region$$Table       anon$$obj.o
    0x000029dc   0x000029dc   0x0000001c   Data   RO          318    locale$$data        c_p.l(lc_numeric_c.o)
    0x000029f8   0x000029f8   0x00000110   Data   RO          347    locale$$data        c_p.l(lc_ctype_c.o)


    Execution Region ER_RW (Exec base: 0x1ffff000, Load base: 0x00002b08, Size: 0x00000000, Max: 0xffffffff, ABSOLUTE)

    **** No section assigned to this execution region ****


    Execution Region ER_ZI (Exec base: 0x1ffff000, Load base: 0x00002b08, Size: 0x00000380, Max: 0xffffffff, ABSOLUTE)

    Exec Addr    Load Addr    Size         Type   Attr      Idx    E Section Name        Object

    0x1ffff000        -       0x00000060   Zero   RW          338    .bss                c_p.l(libspace.o)
    0x1ffff060        -       0x00000001   Zero   RW           70    .bss.CR_received    uart.o
    0x1ffff061   0x00002b08   0x00000003   PAD
    0x1ffff064        -       0x0000010c   Zero   RW           72    .bss.RxQ            uart.o
    0x1ffff170        -       0x0000010c   Zero   RW           71    .bss.TxQ            uart.o
    0x1ffff27c   0x00002b08   0x00000004   PAD
    0x1ffff280        -       0x00000000   Zero   RW          107    HEAP                startup_mkl25z4.o
    0x1ffff280        -       0x00000100   Zero   RW          106    STACK               startup_mkl25z4.o


==============================================================================

Image component sizes


      Code (inc. data)   RO Data    RW Data    ZI Data      Debug   Object Name

        36          4          0          0          0        607   delay.o
       672         76          0          0          0       3137   lcd_4bit.o
       160         12         22          0          0        906   main.o
       280          0          0          0          0       1538   queue.o
        80         44        192          0        256        932   startup_mkl25z4.o
        96         28          0          0          0       1751   switches.o
        12          4          0          0          0       2589   system_mkl25z4.o
       644         84          0          0        537       5031   uart.o

    ----------------------------------------------------------------------
      1984        252        232          0        800      16491   Object Totals
         0          0         16          0          0          0   (incl. Generated)
         4          0          2          0          7          0   (incl. Padding)

    ----------------------------------------------------------------------

      Code (inc. data)   RO Data    RW Data    ZI Data      Debug   Library Member Name

         8          0          0          0          0         68   __main.o
       392          6         17          0          0         76   __printf_flags_ss_wp.o
        14          0          0          0          0         60   __printf_wp.o
         0          0          0          0          0          0   __rtentry.o
        12          0          0          0          0          0   __rtentry2.o
         6          0          0          0          0          0   __rtentry4.o
        60          8          0          0          0          0   __scatter.o
        28          0          0          0          0          0   __scatter_zi.o
        66          0          0          0          0         76   _c16rtomb.o
        10          0          0          0          0          0   _printf_a.o
        10          0          0          0          0          0   _printf_c.o
        46          0          0          0          0        100   _printf_char.o
        48          6          0          0          0         88   _printf_char_common.o
        38          0          0          0          0         60   _printf_charcount.o
        10          0          0          0          0          0   _printf_d.o
       108         18          0          0          0         76   _printf_dec.o
        10          0          0          0          0          0   _printf_e.o
        10          0          0          0          0          0   _printf_f.o
      1044         12          0          0          0        116   _printf_fp_dec.o
       728         10         38          0          0         84   _printf_fp_hex.o
       136         16          0          0          0         76   _printf_fp_infnan.o
        10          0          0          0          0          0   _printf_g.o
       152          4         40          0          0        148   _printf_hex_int_ll_ptr.o
        10          0          0          0          0          0   _printf_i.o
       176          0          0          0          0         84   _printf_intcommon.o
        10          0          0          0          0          0   _printf_l.o
        10          0          0          0          0          0   _printf_lc.o
        10          0          0          0          0          0   _printf_ll.o
        10          0          0          0          0          0   _printf_lld.o
        10          0          0          0          0          0   _printf_lli.o
        10          0          0          0          0          0   _printf_llo.o
        10          0          0          0          0          0   _printf_llu.o
        10          0          0          0          0          0   _printf_llx.o
       112         18          0          0          0         76   _printf_longlong_dec.o
        10          0          0          0          0          0   _printf_ls.o
        10          0          0          0          0          0   _printf_n.o
        10          0          0          0          0          0   _printf_o.o
       112         10          0          0          0        112   _printf_oct_int_ll.o
        10          0          0          0          0          0   _printf_p.o
        78          0          0          0          0        100   _printf_pad.o
         2          0          0          0          0          0   _printf_percent.o
         4          0          0          0          0          0   _printf_percent_end.o
        10          0          0          0          0          0   _printf_s.o
        82          0          0          0          0         72   _printf_str.o
        36          0          0          0          0         76   _printf_truncate.o
        10          0          0          0          0          0   _printf_u.o
        46          0          0          0          0        100   _printf_wchar.o
       188          6          8          0          0         80   _printf_wctomb.o
        10          0          0          0          0          0   _printf_x.o
        10          0          0          0          0         60   _sputc.o
       504          4          0          0          0         92   aeabi_sdivfast.o
       216          6        148          0          0         80   bigflt0.o
      1456         30          0          0          0        336   btod.o
        16          0          0          0          0         68   exit.o
         6          0          0          0          0        136   heapauxi.o
         0          0          0          0          0          0   indicate_semi.o
        44         10        272          0          0         76   lc_ctype_c.o
        44         10         28          0          0         76   lc_numeric_c.o
         2          0          0          0          0          0   libinit.o
        30          0          0          0          0          0   libinit2.o
         2          0          0          0          0          0   libshutdown.o
         2          0          0          0          0          0   libshutdown2.o
         8          4          0          0         96         68   libspace.o
       122          0          0          0          0         72   lludiv10.o
        16          4          0          0          0         76   rt_ctype_table.o
         8          4          0          0          0         68   rt_locale_intlibspace.o
         2          0          0          0          0          0   rtexit.o
        10          0          0          0          0          0   rtexit2.o
        40          0          0          0          0         60   rtudiv10.o
        44          4          0          0          0         84   sprintf.o
       176          4          0          0          0         80   strcmpv6m.o
        12          4          0          0          0         60   sys_exit.o
        62          0          0          0          0         80   sys_stackheap_outer.o
         2          0          0          0          0         68   use_no_semi.o
      1096         26        128          0          0        112   ddiv.o
        72          4          0          0          0         68   dfixui.o
        88          0          0          0          0         92   dflti.o
        16          4          0          0          0         76   printf1.o
        16          4          0          0          0         76   printf2.o
         0          0          0          0          0          0   usenofp.o
        44          4          0          0          0         60   fpclassify.o

    ----------------------------------------------------------------------
      8120        240        680          0         96       3852   Library Totals
        12          0          1          0          0          0   (incl. Padding)

    ----------------------------------------------------------------------

      Code (inc. data)   RO Data    RW Data    ZI Data      Debug   Library Name

      6776        198        551          0         96       3368   c_p.l
      1288         38        128          0          0        424   fz_ps.l
        44          4          0          0          0         60   m_ps.l

    ----------------------------------------------------------------------
      8120        240        680          0         96       3852   Library Totals

    ----------------------------------------------------------------------

==============================================================================


      Code (inc. data)   RO Data    RW Data    ZI Data      Debug   

     10104        492        912          0        896      18327   Grand Totals
     10104        492        912          0        896      18327   ELF Image Totals
     10104        492        912          0          0          0   ROM Totals

==============================================================================

    Total RO  Size (Code + RO Data)                11016 (  10.76kB)
    Total RW  Size (RW Data + ZI Data)               896 (   0.88kB)
    Total ROM Size (Code + RO Data + RW Data)      11016 (  10.76kB)

==============================================================================

